[    0.000000] Initializing cgroup subsys cpuset
[    0.000000] Initializing cgroup subsys cpu
[    0.000000] Initializing cgroup subsys cpuacct
[    0.000000] Linux version 4.4.0-165-generic (buildd@lgw01-amd64-027) (gcc version 5.4.0 20160609 (Ubuntu 5.4.0-6ubuntu1~16.04.10) ) #193-Ubuntu SMP Tue Sep 17 17:42:52 UTC 2019 (Ubuntu 4.4.0-165.193-generic 4.4.189)
[    0.000000] Command line: BOOT_IMAGE=/boot/vmlinuz-4.4.0-165-generic root=LABEL=cloudimg-rootfs ro console=tty1 console=ttyS0
[    0.000000] KERNEL supported cpus:
[    0.000000]   Intel GenuineIntel
[    0.000000]   AMD AuthenticAMD
[    0.000000]   Centaur CentaurHauls
[    0.000000] x86/fpu: xstate_offset[2]:  576, xstate_sizes[2]:  256
[    0.000000] x86/fpu: Supporting XSAVE feature 0x01: 'x87 floating point registers'
[    0.000000] x86/fpu: Supporting XSAVE feature 0x02: 'SSE registers'
[    0.000000] x86/fpu: Supporting XSAVE feature 0x04: 'AVX registers'
[    0.000000] x86/fpu: Enabled xstate features 0x7, context size is 832 bytes, using 'standard' format.
[    0.000000] e820: BIOS-provided physical RAM map:
[    0.000000] BIOS-e820: [mem 0x0000000000000000-0x000000000009fbff] usable
[    0.000000] BIOS-e820: [mem 0x000000000009fc00-0x000000000009ffff] reserved
[    0.000000] BIOS-e820: [mem 0x00000000000f0000-0x00000000000fffff] reserved
[    0.000000] BIOS-e820: [mem 0x0000000000100000-0x000000003ffeffff] usable
[    0.000000] BIOS-e820: [mem 0x000000003fff0000-0x000000003fffffff] ACPI data
[    0.000000] BIOS-e820: [mem 0x00000000fec00000-0x00000000fec00fff] reserved
[    0.000000] BIOS-e820: [mem 0x00000000fee00000-0x00000000fee00fff] reserved
[    0.000000] BIOS-e820: [mem 0x00000000fffc0000-0x00000000ffffffff] reserved
[    0.000000] NX (Execute Disable) protection: active
[    0.000000] SMBIOS 2.5 present.
[    0.000000] Hypervisor detected: KVM
[    0.000000] Kernel/User page tables isolation: disabled
[    0.000000] e820: last_pfn = 0x3fff0 max_arch_pfn = 0x400000000
[    0.000000] MTRR: Disabled
[    0.000000] x86/PAT: MTRRs disabled, skipping PAT initialization too.
[    0.000000] CPU MTRRs all blank - virtualized system.
[    0.000000] x86/PAT: Configuration [0-7]: WB  WT  UC- UC  WB  WT  UC- UC  
[    0.000000] found SMP MP-table at [mem 0x0009fff0-0x0009ffff] mapped at [ffff88000009fff0]
[    0.000000] Scanning 1 areas for low memory corruption
[    0.000000] RAMDISK: [mem 0x362fa000-0x37174fff]
[    0.000000] ACPI: Early table checksum verification disabled
[    0.000000] ACPI: RSDP 0x00000000000E0000 000024 (v02 VBOX  )
[    0.000000] ACPI: XSDT 0x000000003FFF0030 00003C (v01 VBOX   VBOXXSDT 00000001 ASL  00000061)
[    0.000000] ACPI: FACP 0x000000003FFF00F0 0000F4 (v04 VBOX   VBOXFACP 00000001 ASL  00000061)
[    0.000000] ACPI: DSDT 0x000000003FFF0470 0022EA (v02 VBOX   VBOXBIOS 00000002 INTL 20100528)
[    0.000000] ACPI: FACS 0x000000003FFF0200 000040
[    0.000000] ACPI: FACS 0x000000003FFF0200 000040
[    0.000000] ACPI: APIC 0x000000003FFF0240 00005C (v02 VBOX   VBOXAPIC 00000001 ASL  00000061)
[    0.000000] ACPI: SSDT 0x000000003FFF02A0 0001CC (v01 VBOX   VBOXCPUT 00000002 INTL 20100528)
[    0.000000] No NUMA configuration found
[    0.000000] Faking a node at [mem 0x0000000000000000-0x000000003ffeffff]
[    0.000000] NODE_DATA(0) allocated [mem 0x3ffeb000-0x3ffeffff]
[    0.000000] kvm-clock: Using msrs 4b564d01 and 4b564d00
[    0.000000] kvm-clock: cpu 0, msr 0:3ffe3001, primary cpu clock
[    0.000000] kvm-clock: using sched offset of 4182483872 cycles
[    0.000000] clocksource: kvm-clock: mask: 0xffffffffffffffff max_cycles: 0x1cd42e4dffb, max_idle_ns: 881590591483 ns
[    0.000000] Zone ranges:
[    0.000000]   DMA      [mem 0x0000000000001000-0x0000000000ffffff]
[    0.000000]   DMA32    [mem 0x0000000001000000-0x000000003ffeffff]
[    0.000000]   Normal   empty
[    0.000000]   Device   empty
[    0.000000] Movable zone start for each node
[    0.000000] Early memory node ranges
[    0.000000]   node   0: [mem 0x0000000000001000-0x000000000009efff]
[    0.000000]   node   0: [mem 0x0000000000100000-0x000000003ffeffff]
[    0.000000] Initmem setup node 0 [mem 0x0000000000001000-0x000000003ffeffff]
[    0.000000] ACPI: PM-Timer IO Port: 0x4008
[    0.000000] IOAPIC[0]: apic_id 2, version 32, address 0xfec00000, GSI 0-23
[    0.000000] ACPI: INT_SRC_OVR (bus 0 bus_irq 0 global_irq 2 dfl dfl)
[    0.000000] ACPI: INT_SRC_OVR (bus 0 bus_irq 9 global_irq 9 low level)
[    0.000000] Using ACPI (MADT) for SMP configuration information
[    0.000000] smpboot: Allowing 2 CPUs, 0 hotplug CPUs
[    0.000000] PM: Registered nosave memory: [mem 0x00000000-0x00000fff]
[    0.000000] PM: Registered nosave memory: [mem 0x0009f000-0x0009ffff]
[    0.000000] PM: Registered nosave memory: [mem 0x000a0000-0x000effff]
[    0.000000] PM: Registered nosave memory: [mem 0x000f0000-0x000fffff]
[    0.000000] e820: [mem 0x40000000-0xfebfffff] available for PCI devices
[    0.000000] Booting paravirtualized kernel on KVM
[    0.000000] clocksource: refined-jiffies: mask: 0xffffffff max_cycles: 0xffffffff, max_idle_ns: 7645519600211568 ns
[    0.000000] setup_percpu: NR_CPUS:512 nr_cpumask_bits:512 nr_cpu_ids:2 nr_node_ids:1
[    0.000000] PERCPU: Embedded 34 pages/cpu @ffff88003fc00000 s99544 r8192 d31528 u1048576
[    0.000000] Built 1 zonelists in Node order, mobility grouping on.  Total pages: 257912
[    0.000000] Policy zone: DMA32
[    0.000000] Kernel command line: BOOT_IMAGE=/boot/vmlinuz-4.4.0-165-generic root=LABEL=cloudimg-rootfs ro console=tty1 console=ttyS0
[    0.000000] PID hash table entries: 4096 (order: 3, 32768 bytes)
[    0.000000] Memory: 997732K/1048120K available (8621K kernel code, 1335K rwdata, 4032K rodata, 1484K init, 1284K bss, 50388K reserved, 0K cma-reserved)
[    0.000000] SLUB: HWalign=64, Order=0-3, MinObjects=0, CPUs=2, Nodes=1
[    0.000000] Hierarchical RCU implementation.
[    0.000000] 	Build-time adjustment of leaf fanout to 64.
[    0.000000] 	RCU restricting CPUs from NR_CPUS=512 to nr_cpu_ids=2.
[    0.000000] RCU: Adjusting geometry for rcu_fanout_leaf=64, nr_cpu_ids=2
[    0.000000] NR_IRQS:33024 nr_irqs:440 16
[    0.000000] Console: colour VGA+ 80x25
[    0.000000] console [tty1] enabled
[    0.000000] console [ttyS0] enabled
[    0.000000] tsc: Detected 1991.998 MHz processor
[    0.224841] Calibrating delay loop (skipped) preset value.. 3983.99 BogoMIPS (lpj=7967992)
[    0.226059] pid_max: default: 32768 minimum: 301
[    0.226819] ACPI: Core revision 20150930
[    0.228067] ACPI: 2 ACPI AML tables successfully acquired and loaded
[    0.229085] Security Framework initialized
[    0.230152] Yama: becoming mindful.
[    0.230774] AppArmor: AppArmor initialized
[    0.231675] Dentry cache hash table entries: 131072 (order: 8, 1048576 bytes)
[    0.232783] Inode-cache hash table entries: 65536 (order: 7, 524288 bytes)
[    0.239249] Mount-cache hash table entries: 2048 (order: 2, 16384 bytes)
[    0.240348] Mountpoint-cache hash table entries: 2048 (order: 2, 16384 bytes)
[    0.241464] Initializing cgroup subsys io
[    0.242148] Initializing cgroup subsys memory
[    0.242807] Initializing cgroup subsys devices
[    0.243503] Initializing cgroup subsys freezer
[    0.244289] Initializing cgroup subsys net_cls
[    0.244996] Initializing cgroup subsys perf_event
[    0.245744] Initializing cgroup subsys net_prio
[    0.246567] Initializing cgroup subsys hugetlb
[    0.247275] Initializing cgroup subsys pids
[    0.249572] mce: CPU supports 0 MCE banks
[    0.251308] Last level iTLB entries: 4KB 64, 2MB 8, 4MB 8
[    0.253468] Last level dTLB entries: 4KB 64, 2MB 0, 4MB 0, 1GB 4
[    0.255688] Spectre V1 : Mitigation: usercopy/swapgs barriers and __user pointer sanitization
[    0.259179] Spectre V2 : Mitigation: Enhanced IBRS
[    0.261224] Spectre V2 : Spectre v2 / SpectreRSB mitigation: Filling RSB on context switch
[    0.264622] Speculative Store Bypass: Vulnerable
[    0.272318] Freeing SMP alternatives memory: 36K
[    0.286789] ftrace: allocating 32318 entries in 127 pages
[    0.385247] smpboot: APIC(0) Converting physical 0 to logical package 0
[    0.387515] smpboot: Max logical packages: 1
[    0.390511] x2apic enabled
[    0.392463] Switched APIC routing to physical x2apic.
[    0.396591] ..TIMER: vector=0x30 apic1=0 pin1=2 apic2=-1 pin2=-1
[    0.504551] smpboot: CPU0: Intel(R) Core(TM) i7-8565U CPU @ 1.80GHz (family: 0x6, model: 0x8e, stepping: 0xc)
[    0.508863] Performance Events: unsupported p6 CPU model 142 no PMU driver, software events only.
[    0.532946] KVM setup paravirtual spinlock
[    0.535909] x86: Booting SMP configuration:
[    0.537633] .... node  #0, CPUs:      #1
[    0.539511] kvm-clock: cpu 1, msr 0:3ffe3041, secondary cpu clock
[    0.543130] mce: CPU supports 0 MCE banks
[    0.546227] x86: Booted up 1 node, 2 CPUs
[    0.548399] smpboot: Total of 2 processors activated (7967.99 BogoMIPS)
[    0.551645] devtmpfs: initialized
[    0.558434] evm: security.selinux
[    0.560244] evm: security.SMACK64
[    0.561832] evm: security.SMACK64EXEC
[    0.563453] evm: security.SMACK64TRANSMUTE
[    0.565289] evm: security.SMACK64MMAP
[    0.566980] evm: security.ima
[    0.568364] evm: security.capability
[    0.570428] clocksource: jiffies: mask: 0xffffffff max_cycles: 0xffffffff, max_idle_ns: 7645041785100000 ns
[    0.574251] futex hash table entries: 512 (order: 3, 32768 bytes)
[    0.577026] pinctrl core: initialized pinctrl subsystem
[    0.579384] RTC time: 10:44:16, date: 10/14/19
[    0.587523] NET: Registered protocol family 16
[    0.599987] cpuidle: using governor ladder
[    0.613982] cpuidle: using governor menu
[    0.616274] PCCT header not found.
[    0.618538] ACPI: bus type PCI registered
[    0.620814] acpiphp: ACPI Hot Plug PCI Controller Driver version: 0.5
[    0.624341] PCI: Using configuration type 1 for base access
[    0.638714] ACPI: Added _OSI(Module Device)
[    0.641280] ACPI: Added _OSI(Processor Device)
[    0.643905] ACPI: Added _OSI(3.0 _SCP Extensions)
[    0.645877] ACPI: Added _OSI(Processor Aggregator Device)
[    0.649171] ACPI: Executed 1 blocks of module-level executable AML code
[    0.655578] ACPI: Interpreter enabled
[    0.657211] ACPI: (supports S0 S5)
[    0.658644] ACPI: Using IOAPIC for interrupt routing
[    0.660835] PCI: Using host bridge windows from ACPI; if necessary, use "pci=nocrs" and report a bug
[    0.671081] ACPI: PCI Root Bridge [PCI0] (domain 0000 [bus 00-ff])
[    0.673403] acpi PNP0A03:00: _OSC: OS supports [ASPM ClockPM Segments MSI]
[    0.676457] acpi PNP0A03:00: _OSC: not requesting OS control; OS requires [ExtendedConfig ASPM ClockPM MSI]
[    0.680039] acpi PNP0A03:00: fail to add MMCONFIG information, can't access extended PCI configuration space under this bridge.
[    0.684816] PCI host bridge to bus 0000:00
[    0.686539] pci_bus 0000:00: root bus resource [io  0x0000-0x0cf7 window]
[    0.688988] pci_bus 0000:00: root bus resource [io  0x0d00-0xffff window]
[    0.691354] pci_bus 0000:00: root bus resource [mem 0x000a0000-0x000bffff window]
[    0.694417] pci_bus 0000:00: root bus resource [mem 0x40000000-0xfdffffff window]
[    0.697741] pci_bus 0000:00: root bus resource [bus 00-ff]
[    0.703089] pci 0000:00:01.1: legacy IDE quirk: reg 0x10: [io  0x01f0-0x01f7]
[    0.705598] pci 0000:00:01.1: legacy IDE quirk: reg 0x14: [io  0x03f6]
[    0.707975] pci 0000:00:01.1: legacy IDE quirk: reg 0x18: [io  0x0170-0x0177]
[    0.710445] pci 0000:00:01.1: legacy IDE quirk: reg 0x1c: [io  0x0376]
[    0.736200] pci 0000:00:07.0: quirk: [io  0x4000-0x403f] claimed by PIIX4 ACPI
[    0.758489] pci 0000:00:07.0: quirk: [io  0x4100-0x410f] claimed by PIIX4 SMB
[    0.775184] ACPI: PCI Interrupt Link [LNKA] (IRQs 5 9 10 *11)
[    0.778834] ACPI: PCI Interrupt Link [LNKB] (IRQs 5 9 *10 11)
[    0.781460] ACPI: PCI Interrupt Link [LNKC] (IRQs 5 *9 10 11)
[    0.784030] ACPI: PCI Interrupt Link [LNKD] (IRQs 5 9 10 *11)
[    0.786332] ACPI: Enabled 2 GPEs in block 00 to 07
[    0.788028] vgaarb: setting as boot device: PCI:0000:00:02.0
[    0.789314] vgaarb: device added: PCI:0000:00:02.0,decodes=io+mem,owns=io+mem,locks=none
[    0.791354] vgaarb: loaded
[    0.792206] vgaarb: bridge control possible 0000:00:02.0
[    0.794701] SCSI subsystem initialized
[    0.795418] ACPI: bus type USB registered
[    0.796019] usbcore: registered new interface driver usbfs
[    0.796850] usbcore: registered new interface driver hub
[    0.797784] usbcore: registered new device driver usb
[    0.798620] PCI: Using ACPI for IRQ routing
[    0.799673] NetLabel: Initializing
[    0.800217] NetLabel:  domain hash size = 128
[    0.800814] NetLabel:  protocols = UNLABELED CIPSOv4
[    0.801549] NetLabel:  unlabeled traffic allowed by default
[    0.802405] amd_nb: Cannot enumerate AMD northbridges
[    0.803145] clocksource: Switched to clocksource kvm-clock
[    0.821394] AppArmor: AppArmor Filesystem Enabled
[    0.822764] pnp: PnP ACPI init
[    0.825056] pnp: PnP ACPI: found 3 devices
[    0.839808] clocksource: acpi_pm: mask: 0xffffff max_cycles: 0xffffff, max_idle_ns: 2085701024 ns
[    0.841264] NET: Registered protocol family 2
[    0.842497] TCP established hash table entries: 8192 (order: 4, 65536 bytes)
[    0.843835] TCP bind hash table entries: 8192 (order: 5, 131072 bytes)
[    0.844902] TCP: Hash tables configured (established 8192 bind 8192)
[    0.846013] UDP hash table entries: 512 (order: 2, 16384 bytes)
[    0.847005] UDP-Lite hash table entries: 512 (order: 2, 16384 bytes)
[    0.847983] NET: Registered protocol family 1
[    0.848692] pci 0000:00:00.0: Limiting direct PCI/PCI transfers
[    0.849596] pci 0000:00:01.0: Activating ISA DMA hang workarounds
[    0.853449] Unpacking initramfs...
[    1.276342] Freeing initrd memory: 14828K
[    1.277169] clocksource: tsc: mask: 0xffffffffffffffff max_cycles: 0x396d4e5fc9d, max_idle_ns: 881590756024 ns
[    1.278830] platform rtc_cmos: registered platform RTC device (no PNP device found)
[    1.280223] Scanning for low memory corruption every 60 seconds
[    1.281450] audit: initializing netlink subsys (disabled)
[    1.282341] audit: type=2000 audit(1571049862.639:1): initialized
[    1.283612] Initialise system trusted keyring
[    1.284495] HugeTLB registered 2 MB page size, pre-allocated 0 pages
[    1.286787] zbud: loaded
[    1.287701] VFS: Disk quotas dquot_6.6.0
[    1.288580] VFS: Dquot-cache hash table entries: 512 (order 0, 4096 bytes)
[    1.289723] squashfs: version 4.0 (2009/01/31) Phillip Lougher
[    1.290802] fuse init (API version 7.23)
[    1.291709] Key type big_key registered
[    1.292356] Allocating IMA MOK and blacklist keyrings.
[    1.300839] Key type asymmetric registered
[    1.302641] Asymmetric key parser 'x509' registered
[    1.304596] Block layer SCSI generic (bsg) driver version 0.4 loaded (major 249)
[    1.307644] io scheduler noop registered
[    1.309244] io scheduler deadline registered (default)
[    1.311378] io scheduler cfq registered
[    1.313159] pci_hotplug: PCI Hot Plug PCI Core version: 0.5
[    1.315188] pciehp: PCI Express Hot Plug Controller Driver version: 0.4
[    1.317824] ACPI: AC Adapter [AC] (off-line)
[    1.319678] input: Power Button as /devices/LNXSYSTM:00/LNXPWRBN:00/input/input0
[    1.322560] ACPI: Power Button [PWRF]
[    1.324300] input: Sleep Button as /devices/LNXSYSTM:00/LNXSLPBN:00/input/input1
[    1.327237] ACPI: Sleep Button [SLPF]
[    1.329137] GHES: HEST is not enabled!
[    1.330377] ACPI: Battery Slot [BAT0] (battery present)
[    1.333077] Serial: 8250/16550 driver, 32 ports, IRQ sharing enabled
[    1.356494] 00:02: ttyS0 at I/O 0x3f8 (irq = 4, base_baud = 115200) is a 16550A
[    1.365972] Linux agpgart interface v0.103
[    1.371565] loop: module loaded
[    1.374133] scsi host0: ata_piix
[    1.375952] scsi host1: ata_piix
[    1.377449] ata1: PATA max UDMA/33 cmd 0x1f0 ctl 0x3f6 bmdma 0xd000 irq 14
[    1.379949] ata2: PATA max UDMA/33 cmd 0x170 ctl 0x376 bmdma 0xd008 irq 15
[    1.382672] libphy: Fixed MDIO Bus: probed
[    1.384444] tun: Universal TUN/TAP device driver, 1.6
[    1.386499] tun: (C) 1999-2004 Max Krasnyansky <maxk@qualcomm.com>
[    1.389107] PPP generic driver version 2.4.2
[    1.391050] ehci_hcd: USB 2.0 'Enhanced' Host Controller (EHCI) Driver
[    1.393485] ehci-pci: EHCI PCI platform driver
[    1.395330] ehci-platform: EHCI generic platform driver
[    1.397418] ohci_hcd: USB 1.1 'Open' Host Controller (OHCI) Driver
[    1.399630] ohci-pci: OHCI PCI platform driver
[    1.401359] ohci-platform: OHCI generic platform driver
[    1.403316] uhci_hcd: USB Universal Host Controller Interface driver
[    1.406176] i8042: PNP: PS/2 Controller [PNP0303:PS2K,PNP0f03:PS2M] at 0x60,0x64 irq 1,12
[    1.410202] serio: i8042 KBD port at 0x60,0x64 irq 1
[    1.412268] serio: i8042 AUX port at 0x60,0x64 irq 12
[    1.414727] mousedev: PS/2 mouse device common for all mice
[    1.417617] input: AT Translated Set 2 keyboard as /devices/platform/i8042/serio0/input/input2
[    1.421821] rtc_cmos rtc_cmos: rtc core: registered rtc_cmos as rtc0
[    1.424413] rtc_cmos rtc_cmos: alarms up to one day, 114 bytes nvram
[    1.426734] i2c /dev entries driver
[    1.428484] device-mapper: uevent: version 1.0.3
[    1.430438] device-mapper: ioctl: 4.34.0-ioctl (2015-10-28) initialised: dm-devel@redhat.com
[    1.433821] ledtrig-cpu: registered to indicate activity on CPUs
[    1.437110] NET: Registered protocol family 10
[    1.439300] NET: Registered protocol family 17
[    1.441053] Key type dns_resolver registered
[    1.443914] registered taskstats version 1
[    1.445586] Loading compiled-in X.509 certificates
[    1.448619] Loaded X.509 cert 'Build time autogenerated kernel key: 0ed82eac04367aa6426493b1389455ebf6830eaa'
[    1.452340] zswap: loaded using pool lzo/zbud
[    1.457126] Key type trusted registered
[    1.465312] Key type encrypted registered
[    1.466968] AppArmor: AppArmor sha1 policy hashing enabled
[    1.469168] ima: No TPM chip found, activating TPM-bypass!
[    1.471186] ima: Allocated hash algorithm: sha1
[    1.472980] evm: HMAC attrs: 0x1
[    1.475093]   Magic number: 7:819:729
[    1.476887] rtc_cmos rtc_cmos: setting system clock to 2019-10-14 10:44:17 UTC (1571049857)
[    1.480439] BIOS EDD facility v0.16 2004-Jun-25, 0 devices found
[    1.482610] EDD information not available.
[    1.544005] Freeing unused kernel memory: 1484K
[    1.546465] Write protecting the kernel read-only data: 14336k
[    1.550789] Freeing unused kernel memory: 1608K
[    1.553837] Freeing unused kernel memory: 64K
Loading, please wait...
starting version 229
[    1.588635] random: systemd-udevd: uninitialized urandom read (16 bytes read, 3 bits of entropy available)
[    1.590724] random: udevadm: uninitialized urandom read (16 bytes read, 3 bits of entropy available)
[    1.590754] random: udevadm: uninitialized urandom read (16 bytes read, 3 bits of entropy available)
[    1.599770] random: systemd-udevd: uninitialized urandom read (16 bytes read, 3 bits of entropy available)
[    1.602863] random: udevadm: uninitialized urandom read (16 bytes read, 3 bits of entropy available)
[    1.602925] random: udevadm: uninitialized urandom read (16 bytes read, 3 bits of entropy available)
[    1.603115] random: udevadm: uninitialized urandom read (16 bytes read, 3 bits of entropy available)
[    1.603292] random: udevadm: uninitialized urandom read (16 bytes read, 3 bits of entropy available)
[    1.603368] random: udevadm: uninitialized urandom read (16 bytes read, 3 bits of entropy available)
[    1.603438] random: udevadm: uninitialized urandom read (16 bytes read, 3 bits of entropy available)
[    1.661579] e1000: Intel(R) PRO/1000 Network Driver - version 7.3.21-k8-NAPI
[    1.663628] e1000: Copyright (c) 1999-2006 Intel Corporation.
[    1.668136] Fusion MPT base driver 3.04.20
[    1.669539] Copyright (c) 1999-2008 LSI Corporation
[    1.683573] Fusion MPT SPI Host driver 3.04.20
[    1.707299] AVX2 version of gcm_enc/dec engaged.
[    1.709218] AES CTR mode by8 optimization enabled
[    1.886887] input: ImExPS/2 Generic Explorer Mouse as /devices/platform/i8042/serio1/input/input4
[    2.115511] e1000 0000:00:03.0 eth0: (PCI:33MHz:32-bit) 02:0e:9b:2d:5b:92
[    2.118196] e1000 0000:00:03.0 eth0: Intel(R) PRO/1000 Network Connection
[    2.120804] mptbase: ioc0: Initiating bringup
[    2.183935] ioc0: LSI53C1030 A0: Capabilities={Initiator}
[    2.353328] scsi host2: ioc0: LSI53C1030 A0, FwRev=00000000h, Ports=1, MaxQ=256, IRQ=20
[    2.468648] scsi 2:0:0:0: Direct-Access     VBOX     HARDDISK         1.0  PQ: 0 ANSI: 5
[    2.474612] scsi target2:0:0: Beginning Domain Validation
[    2.484813] scsi target2:0:0: Domain Validation skipping write tests
[    2.489064] scsi target2:0:0: Ending Domain Validation
[    2.491600] scsi target2:0:0: asynchronous
[    2.495001] scsi 2:0:1:0: Direct-Access     VBOX     HARDDISK         1.0  PQ: 0 ANSI: 5
[    2.498689] scsi target2:0:1: Beginning Domain Validation
[    2.505249] scsi target2:0:1: Domain Validation skipping write tests
[    2.507834] scsi target2:0:1: Ending Domain Validation
[    2.510200] scsi target2:0:1: asynchronous
[    2.532732] sd 2:0:0:0: Attached scsi generic sg0 type 0
[    2.535263] sd 2:0:0:0: [sda] 20971520 512-byte logical blocks: (10.7 GB/10.0 GiB)
[    2.562754] sd 2:0:1:0: Attached scsi generic sg1 type 0
[    2.565333] sd 2:0:1:0: [sdb] 20480 512-byte logical blocks: (10.5 MB/10.0 MiB)
[    2.569333] sd 2:0:0:0: [sda] Write Protect is off
[    2.571522] sd 2:0:1:0: [sdb] Write Protect is off
[    2.574035] sd 2:0:1:0: [sdb] Incomplete mode parameter data
[    2.576735] sd 2:0:1:0: [sdb] Assuming drive cache: write through
[    2.579375] sd 2:0:0:0: [sda] Incomplete mode parameter data
[    2.581599] sd 2:0:0:0: [sda] Assuming drive cache: write through
[    2.631664]  sda: sda1
[    2.635300] sd 2:0:0:0: [sda] Attached SCSI disk
[    2.637886] sd 2:0:1:0: [sdb] Attached SCSI disk
[    2.898786] e1000 0000:00:08.0 eth1: (PCI:33MHz:32-bit) 08:00:27:74:52:c3
[    2.901376] e1000 0000:00:08.0 eth1: Intel(R) PRO/1000 Network Connection
[    2.905542] e1000 0000:00:08.0 enp0s8: renamed from eth1
[    2.920280] e1000 0000:00:03.0 enp0s3: renamed from eth0
Begin: Loading essential drivers ... [    4.507568] md: linear personality registered for level -1
[    4.511664] md: multipath personality registered for level -4
[    4.515660] md: raid0 personality registered for level 0
[    4.522656] md: raid1 personality registered for level 1
[    4.599628] raid6: sse2x1   gen()  4451 MB/s
[    4.667360] raid6: sse2x1   xor()  3032 MB/s
[    4.735277] raid6: sse2x2   gen()  5723 MB/s
[    4.803582] raid6: sse2x2   xor()  4214 MB/s
[    4.871687] raid6: sse2x4   gen()  6919 MB/s
[    4.939233] raid6: sse2x4   xor()  4109 MB/s
[    5.007714] raid6: avx2x1   gen()  9093 MB/s
[    5.075557] raid6: avx2x2   gen() 11584 MB/s
[    5.143478] raid6: avx2x4   gen() 12828 MB/s
[    5.145190] raid6: using algorithm avx2x4 gen() 12828 MB/s
[    5.147206] raid6: using avx2x2 recovery algorithm
[    5.151536] xor: automatically using best checksumming function:
[    5.191944]    avx       : 10256.000 MB/sec
[    5.195967] async_tx: api initialized (async)
[    5.215880] md: raid6 personality registered for level 6
[    5.218012] md: raid5 personality registered for level 5
[    5.220117] md: raid4 personality registered for level 4
[    5.234009] md: raid10 personality registered for level 10
done.
Begin: Running /scripts/init-premount ... done.
Begin: Mounting root file system ... Begin: Running /scripts/local-top ... done.
Begin: Running /scripts/local-premount ... [    5.288390] Btrfs loaded
Scanning for Btrfs filesystems
done.
Warning: fsck not present, so skipping root file system
[    5.402738] EXT4-fs (sda1): mounted filesystem with ordered data mode. Opts: (null)
done.
Begin: Running /scripts/local-bottom ... done.
Begin: Running /scripts/init-bottom ... done.
[    5.517098] systemd[1]: systemd 229 running in system mode. (+PAM +AUDIT +SELINUX +IMA +APPARMOR +SMACK +SYSVINIT +UTMP +LIBCRYPTSETUP +GCRYPT +GNUTLS +ACL +XZ -LZ4 +SECCOMP +BLKID +ELFUTILS +KMOD -IDN)
[    5.520169] systemd[1]: Detected virtualization oracle.
[    5.521121] systemd[1]: Detected architecture x86-64.

Welcome to [1mUbuntu 16.04.6 LTS[0m!

[    5.531921] systemd[1]: Set hostname to <ubuntu>.
[    5.534908] systemd[1]: Initializing machine ID from random generator.
[    5.536476] systemd[1]: Installed transient /etc/machine-id file.
[    5.731082] systemd[1]: Listening on udev Control Socket.
[[0;32m  OK  [0m] Listening on udev Control Socket.
[    5.739454] systemd[1]: Reached target System Time Synchronized.
[[0;32m  OK  [0m] Reached target System Time Synchronized.
[    5.747619] systemd[1]: Listening on Device-mapper event daemon FIFOs.
[[0;32m  OK  [0m] Listening on Device-mapper event daemon FIFOs.
[    5.755728] systemd[1]: Listening on /dev/initctl Compatibility Named Pipe.
[[0;32m  OK  [0m] Listening on /dev/initctl Compatibility Named Pipe.
[    5.760098] systemd[1]: Created slice System Slice.
[[0;32m  OK  [0m] Created slice System Slice.
[    5.763541] systemd[1]: Created slice system-serial\x2dgetty.slice.
[[0;32m  OK  [0m] Created slice system-serial\x2dgetty.slice.
[    5.772223] systemd[1]: Listening on Journal Audit Socket.
[[0;32m  OK  [0m] Listening on Journal Audit Socket.
[    5.783858] systemd[1]: Listening on Journal Socket (/dev/log).
[[0;32m  OK  [0m] Listening on Journal Socket (/dev/log).
[    5.793296] systemd[1]: Reached target Swap.
[[0;32m  OK  [0m] Reached target Swap.
[    5.796507] systemd[1]: Set up automount Arbitrary Executable File Formats File System Automount Point.
[[0;32m  OK  [0m] Set up automount Arbitrary Executab...ats File System Automount Point.
[    5.801736] systemd[1]: Listening on LVM2 poll daemon socket.
[[0;32m  OK  [0m] Listening on LVM2 poll daemon socket.
[    5.805033] systemd[1]: Listening on LVM2 metadata daemon socket.
[[0;32m  OK  [0m] Listening on LVM2 metadata daemon socket.
[    5.816069] systemd[1]: Started Forward Password Requests to Wall Directory Watch.
[[0;32m  OK  [0m] Started Forward Password Requests to Wall Directory Watch.
[    5.820998] systemd[1]: Created slice User and Session Slice.
[[0;32m  OK  [0m] Created slice User and Session Slice.
[    5.831872] systemd[1]: Reached target Slices.
[[0;32m  OK  [0m] Reached target Slices.
[    5.834699] systemd[1]: Reached target User and Group Name Lookups.
[[0;32m  OK  [0m] Reached target User and Group Name Lookups.
[    5.838172] systemd[1]: Reached target Encrypted Volumes.
[[0;32m  OK  [0m] Reached target Encrypted Volumes.
[    5.841477] systemd[1]: Started Trigger resolvconf update for networkd DNS.
[[0;32m  OK  [0m] Started Trigger resolvconf update for networkd DNS.
[    5.845242] systemd[1]: Listening on udev Kernel Socket.
[[0;32m  OK  [0m] Listening on udev Kernel Socket.
[    5.856510] systemd[1]: Listening on Syslog Socket.
[[0;32m  OK  [0m] Listening on Syslog Socket.
[    5.859601] systemd[1]: Listening on Journal Socket.
[[0;32m  OK  [0m] Listening on Journal Socket.
[    5.879925] systemd[1]: Starting Monitoring of LVM2 mirrors, snapshots etc. using dmeventd or progress polling...
         Starting Monitoring of LVM2 mirrors... dmeventd or progress polling...
[    5.892647] systemd[1]: Starting Remount Root and Kernel File Systems...
         Starting Remount Root and Kernel File Systems...
[    5.923579] systemd[1]: Starting Journal Service...
         Starting Journal Service...
[    5.930945] systemd[1]: Mounting Debug File System...
[    5.931845] EXT4-fs (sda1): re-mounted. Opts: (null)
         Mounting Debug File System...
[    5.937694] systemd[1]: Starting Set console keymap...
         Starting Set console keymap...
[    5.950478] systemd[1]: Starting Nameserver information manager...
         Starting Nameserver information manager...
[    5.963670] systemd[1]: Starting Create list of required static device nodes for the current kernel...
         Starting Create list of required st... nodes for the current kernel...
[    5.979972] systemd[1]: Mounting POSIX Message Queue File System...
         Mounting POSIX Message Queue File System...
[    5.985365] systemd[1]: Starting Load Kernel Modules...
         Starting Load Kernel Modules...
[    5.996369] systemd[1]: Mounting Huge Pages File System...
         Mounting Huge Pages File System...
[    6.001780] systemd[1]: Starting Uncomplicated firewall...
[    6.001862] Loading iSCSI transport class v2.0-870.
         Starting Uncomplicated firewall...
[    6.010031] systemd[1]: Mounted POSIX Message Queue File System.
[[0;32m  OK  [0m] Mounted POSIX Message Queue File System.
[    6.013425] systemd[1]: Mounted Debug File System.
[[0;32m  OK  [0m] Mounted Debug File System.
[    6.016399] systemd[1]: Mounted Huge Pages File System.
[[0;32m  OK  [0m] Mounted Huge Pages File System.
[    6.020272] systemd[1]: Started Journal Service.
[[0;32m  OK  [0m] Started Journal Service.
[    6.026681] iscsi: registered transport (tcp)
[[0;32m  OK  [0m] Started Remount Root and Kernel File Systems.
[[0;32m  OK  [0m] Started Set console keymap.
[[0;32m  OK  [0m] Started Create list of required sta...ce nodes for the current kernel.
[[0;32m  OK  [0m] Started Uncomplicated firewall.
[[0;32m  OK  [0m] Started Nameserver information manager.
[    6.095439] iscsi: registered transport (iser)
[[0;32m  OK  [0m] Started Load Kernel Modules.
         Mounting FUSE Control File System...
         Starting Apply Kernel Variables...
[[0;32m  OK  [0m] Started LVM2 metadata daemon.
         Starting Create Static Device Nodes in /dev...
         Starting Load/Save Random Seed...
         Starting udev Coldplug all Devices...
         Starting Flush Journal to Persistent Storage...
[[0;32m  OK  [0m] Mounted FUSE Control File System.
[[0;32m  OK  [0m] Started Load/Save Random Seed.
[[0;32m  OK  [0m] Started Apply Kernel Variables.
[[0;32m  OK  [0m] Started Create Static Device Nodes in /dev.
[[0;32m  OK  [0m] Started Monitoring of LVM2 mirrors,...ng dmeventd or progress polling.
[[0;32m  OK  [0m] Started udev Coldplug all Devices.
[[0;32m  OK  [0m] Started Flush Journal to Persistent Storage.
         Starting udev Kernel Device Manager...
[[0;32m  OK  [0m] Reached target Local File Systems (Pre).
[[0;32m  OK  [0m] Reached target Local File Systems.
         Starting Set console font and keymap...
         Starting Create Volatile Files and Directories...
         Starting Initial cloud-init job (pre-networking)...
         Starting Tell Plymouth To Write Out Runtime Data...
         Starting LSB: AppArmor initialization...
         Starting Commit a transient machine-id on disk...
[[0;32m  OK  [0m] Started Create Volatile Files and Directories.
[[0;32m  OK  [0m] Started Tell Plymouth To Write Out Runtime Data.
[[0;32m  OK  [0m] Started udev Kernel Device Manager.
[[0;32m  OK  [0m] Started Commit a transient machine-id on disk.
[[0;32m  OK  [0m] Started Dispatch Password Requests to Console Directory Watch.
         Starting Update UTMP about System Boot/Shutdown...
[[0;32m  OK  [0m] Started Update UTMP about System Boot/Shutdown.
[[0;32m  OK  [0m] Found device /dev/ttyS0.
[[0;32m  OK  [0m] Listening on Load/Save RF Kill Switch Status /dev/rfkill Watch.
[[0;32m  OK  [0m] Started LSB: AppArmor initialization.
[    8.138614] cloud-init[479]: Cloud-init v. 19.2-36-g059d049c-0ubuntu1~16.04.1 running 'init-local' at Mon, 14 Oct 2019 10:44:23 +0000. Up 7.29 seconds.
[[0;32m  OK  [0m] Started Initial cloud-init job (pre-networking).
[[0;32m  OK  [0m] Reached target Network (Pre).
         Starting Raise network interfaces...
[[0;32m  OK  [0m] Started Set console font and keymap.
[[0;32m  OK  [0m] Created slice system-getty.slice.
[[0;32m  OK  [0m] Started Raise network interfaces.
[[0;32m  OK  [0m] Reached target Network.
         Starting Initial cloud-init job (metadata service crawler)...
[   10.795692] cloud-init[966]: Cloud-init v. 19.2-36-g059d049c-0ubuntu1~16.04.1 running 'init' at Mon, 14 Oct 2019 10:44:26 +0000. Up 9.66 seconds.
[   10.798527] cloud-init[966]: ci-info: ++++++++++++++++++++++++++++++++++++++Net device info++++++++++++++++++++++++++++++++++++++
[   10.800047] cloud-init[966]: ci-info: +--------+-------+---------------------------+---------------+--------+-------------------+
[   10.808476] cloud-init[966]: ci-info: | Device |   Up  |          Address          |      Mask     | Scope  |     Hw-Address    |
[   10.820953] cloud-init[966]: ci-info: +--------+-------+---------------------------+---------------+--------+-------------------+
[   10.822063] cloud-init[966]: ci-info: | enp0s3 |  True |         10.0.2.15         | 255.255.255.0 | global | 02:0e:9b:2d:5b:92 |
[   10.828701] cloud-init[966]: ci-info: | enp0s3 |  True | fe80::e:9bff:fe2d:5b92/64 |       .       |  link  | 02:0e:9b:2d:5b:92 |
[   10.830005] cloud-init[966]: ci-info: | enp0s8 | False |             .             |       .       |   .    | 08:00:27:74:52:c3 |
[   10.831253] cloud-init[966]: ci-info: |   lo   |  True |         127.0.0.1         |   255.0.0.0   |  host  |         .         |
[   10.840564] cloud-init[966]: ci-info: |   lo   |  True |          ::1/128          |       .       |  host  |         .         |
[[0;32m  OK  [0m] Started Initial cloud-init job (metadata service crawler).
[   10.852525] cloud-init[966]: ci-info: +--------+-------+---------------------------+---------------+--------+-------------------+
[   10.860319] [[0;32m  OK  [0m] Reached target Cloud-config availability.
[[0;32m  OK  [0m] Reached target Network is Online.
cloud-init[966]: ci-info: +++++++++++++++++++++++++++Route IPv4 info++++++++++++++++++++++++++++
[   10.862393] cloud-init[966]: ci-info: +-------+-------------+----------+---------------+-----------+-------+
[   10.863353] cloud-init[966]: ci-info: | Route | Destination | Gateway  |    Genmask    | Interface | Flags |
[   10.864540] cloud-init[966]: ci-info: +-------+-------------+----------+---------------+-----------+-------+
[   10.865673] cloud-init[966]: ci-info: |   0   |   0.0.0.0   | 10.0.2.2 |    0.0.0.0    |   enp0s3  |   UG  |
[   10.866818] cloud-init[966]: ci-info: |   1   |   10.0.2.0  | 0.0.0.0  | 255.255.255.0 |   enp0s3  |   U   |
[   10.867977] cloud-init[966]: ci-info: +-------+-------------+----------+---------------+-----------+-------+
[   10.869166] cloud-init[966]: ci-info: +++++++++++++++++++Route IPv6 info+++++++++++++++++++
[   10.870228] cloud-init[966]: ci-info: +-------+-------------+---------+-----------+-------+
[   10.871288] cloud-init[966]: ci-info: | Route | Destination | Gateway | Interface | Flags |
[   10.872381] cloud-init[966]: ci-info: +-------+-------------+---------+-----------+-------+
[   10.873476] cloud-init[966]: ci-info: |   0   |  fe80::/64  |    ::   |   enp0s3  |   U   |
[   10.874568] cloud-init[966]: ci-info: |   3   |   ff00::/8  |    ::   |   enp0s3  |   U   |
[   10.875613] cloud-init[966]: ci-info: +-------+-------------+---------+-----------+-------+
[   10.876661] cloud-init[966]: Generating public/private rsa key pair.
[   10.877595] cloud-init[966]: Your identification has been saved in /etc/ssh/ssh_host_rsa_key.
[   10.878616] cloud-init[966]: Your public key has been saved in /etc/ssh/ssh_host_rsa_key.pub.
[   10.879663] cloud-init[966]: The key fingerprint is:
[   10.888463]          Starting iSCSI initiator daemon (iscsid)...
cloud-init[966]: SHA256:tLJfZi6mKfKqtn3ZEVcg8lw6/KIypaXrZS3Zhrsdqrw root@ubuntu-xenial
[   10.889395] [[0;32m  OK  [0m] Reached target System Initialization.
cloud-init[966]: The key's randomart image is:
[   10.890564]          cloud-initStarting Socket activation for snappy daemon.[966]: 
+---[RSA 2048]----+
[   10.896150] [[0;32m  OK  [0m] Started Daily Cleanup of Temporary Directories.
[[0;32m  OK  [0m] Listening on UUID daemon activation socket.
cloud-init[966]: |     . . o.      |
[   10.897793]          Starting LXD - unix socket.
[[0;32m  OK  [0m] Started Daily apt download activities.
cloud-init[966]: |      = +  .     |
[   10.899860] [[0;32m  OK  [0m] Started Daily apt upgrade and clean activities.
[[0;32m  OK  [0m] Reached target Timers.
cloud-init[966]: |       *. .      |
[   10.901605] cloud-init[966]: |       ooo       |
[[0;32m  OK  [0m] Started ACPI Events Check.
[[0;32m  OK  [0m] Reached target Paths.
[[0;32m  OK  [0m] Listening on D-Bus System Message Bus Socket.
[[0;32m  OK  [0m] Listening on ACPID Listen Socket.
[   10.902129] cloud-init[966]: |     o..S.       |
[   10.917128] cloud-init[966]: |    = *+.        |
[   10.919445] cloud-init[966]: |   = B+=. +      |
[   10.921573] [[0;32m  OK  [0m] Listening on Socket activation for snappy daemon.
cloud-init[[966]: [0;32m  OK  [0m| .+ Bo*++=       |] Listening on LXD - unix socket.

[   10.941020] cloud-init[966]: |oo+E==++...      |
[   10.941808] cloud-init[966]: +----[SHA256]-----+
[   10.942812] cloud-init[966]: Generating public/private dsa key pair.
[   10.948373] cloud-init[966]: Your identification has been saved in /etc/ssh/ssh_host_dsa_key.
[   10.956409] [cloud-init[0;32m  OK  [0m[966]: ] Your public key has been saved in /etc/ssh/ssh_host_dsa_key.pub.Started iSCSI initiator daemon (iscsid).

[   10.956720] cloud-init[966]: The key fingerprint is:
[   10.958651] cloud-init[966]: SHA256:EUmhxBWMF4gOEU6bWuya2Aluct0LaRre+PFO9ZuVZf4 root@ubuntu-xenial
[   10.964155] cloud-init[966]: The key's randomart image is:
[   10.973062] cloud-init[966]: +---[DSA 1024]----+
[   10.974247] cloud-init[966]: |  +o o.*B=       |
[   10.975171] cloud-init[966]: | +.o..+.+.       |
[   10.980631]          Starting Login to default iSCSI targets...
[[0;32m  OK  [0m] Reached target Sockets.
[[0;32m  OK  [0m] Reached target Basic System.
cloud-init[966]: |  *o  ...        |
[   10.983007] [[0;32m  OK  [0m] Started FUSE filesystem for LXC.
cloud-init[966]: | +  .    .       |
[   10.985244]          Starting System Logging Service...
cloud-init[966]:          Starting LSB: Record successful boot for GRUB...
|o .     S     o  |
[[0;32m  OK  [0m] Started Regular background program processing daemon.
[[0;32m  OK  [0m] Started ACPI event daemon.
[[0;32m  OK  [0m] Started D-Bus System Message Bus.
[   10.992687] cloud-init[966]: |o= o o . .   =   |
[   10.994579] cloud-init[966]: |=o= * o   . o .  |
[   10.998348] cloud-init[966]: |oo * = .   +   . |
[   11.000078] cloud-init[966]: |  +.o.+   o     E|
[   11.001415] cloud-init[966]: +----[SHA256]-----+
[   11.002346] cloud-init[966]: Generating public/private ecdsa key pair.
[   11.004729] cloud-init[966]: Your identification has been saved in /etc/ssh/ssh_host_ecdsa_key.
[   11.006837] cloud-init[966]: Your public key has been saved in /etc/ssh/ssh_host_ecdsa_key.pub.
[   11.008271] cloud-init[966]: The key fingerprint is:
[   11.009362] cloud-init[966]: SHA256:2T+4gDKIrB5vi/qO9cx8gK5i5EbW5n4pZrgGRAMsk5E root@ubuntu-xenial
[   11.010803] cloud-init[966]: The key's randomart image is:
[   11.012639] cloud-init[966]: +---[ECDSA 256]---+
[   11.013800] cloud-init[966]: |=+               |
[   11.014646] cloud-init[966]: |E+               |
[   11.015429] cloud-init[966]: |o..              |
[   11.016388] cloud-init[966]: | .       o       |
[   11.017286] cloud-init[966]: |. ..    S .      |
[   11.018182] cloud-init[966]: |o=.+.  .   o     |
[   11.019023] cloud-init[966]: |B+* o.o . . o    |
[   11.019848] cloud-init[966]: |oO=@ =.  . . .   |
[   11.020764] cloud-init[966]: |%BO+O.    .      |
[   11.021610] cloud-init[966]: +----[SHA256]-----+
[   11.022467] cloud-init[966]: Generating public/private ed25519 key pair.
[   11.023431] cloud-init[966]: Your identification has been saved in /etc/ssh/ssh_host_ed25519_key.
[   11.024955] cloud-init[966]: Your public key has been saved in /etc/ssh/ssh_host_ed25519_key.pub.
[   11.026329] cloud-init[966]: The key fingerprint is:
[   11.032468] [[0;32m  OK  [0m] Started Deferred execution scheduler.
cloud-init[966]: SHA256:CPiHrnmwHn3asjvy7YmxRmlPVjfIwGGNoEmz79ZqAro root@ubuntu-xenial
[   11.041131]          Starting Pollinate to seed the pseudo random number generator...
cloud-init[966]: The key's randomart image is:
[   11.042135]          Starting LSB: MD monitoring daemon...
cloud-init[966]: +--[ED25519 256]--+
[   11.044206]          Starting Virtualbox guest utils...
         Starting /etc/rc.local Compatibility...
         Starting Accounts Service...
         Starting Login Service...
         Starting LXD - container startup/shutdown...
         Starting Snappy daemon...
[[0;32m  OK  [0m] Started System Logging Service.
cloud-init[966]: |  o .oo+         |
[   11.054249] cloud-init[966]: | . * .+ .        |
[[0;32m  OK  [0m] Started /etc/rc.local Compatibility.
[   11.072854] cloud-init[966]: |  = .  o .       |
[   11.078274] cloud-init[966]: |   o o .+ o      |
[   11.080384] cloud-init[966]: |    +.o.S. .     |
[   11.083213] cloud-init[966]: |. .++oo          |
[   11.084705] cloud-init[966]: |...=*+o          |
[   11.088139] cloud-init[966]: |. +=*X..         |
[   11.089699] cloud-init[966]: |Eo+BO*=          |
[   11.095235] cloud-init[966]: +----[SHA256]-----+
[[0;32m  OK  [0m] Started Login to default iSCSI targets.
[[0;32m  OK  [0m] Started LSB: Record successful boot for GRUB.
[[0;32m  OK  [0m] Started LSB: MD monitoring daemon.
[[0;32m  OK  [0m] Reached target Remote File Systems (Pre).
[[0;32m  OK  [0m] Reached target Remote File Systems.
         Starting LSB: daemon to balance interrupts for SMP systems...
         Starting LSB: automatic crash report generation...
         Starting Permit User Sessions...
         Starting LSB: Set the CPU Frequency Scaling governor to "ondemand"...
[[0;32m  OK  [0m] Started Login Service.
[[0;32m  OK  [0m] Started Permit User Sessions.
         Starting Authenticate and Authorize Users to Run Privileged Tasks...
         Starting Terminate Plymouth Boot Screen...
         Starting Hold until boot process finishes up...
[[0;32m  OK  [0m] Started Unattended Upgrades Shutdown.
[[0;32m  OK  [0m] Started Hold until boot process finishes up.
[[0;32m  OK  [0m] Started LXD - container startup/shutdown.
[[0;32m  OK  [0m] Started Terminate Plymouth Boot Screen.
[[0;32m  OK  [0m] Started Authenticate and Authorize Users to Run Privileged Tasks.
[[0;32m  OK  [0m] Started Accounts Service.
[[0;32m  OK  [0m] Started Virtualbox guest utils.
[[0;32m  OK  [0m] Started LSB: Set the CPU Frequency Scaling governor to "ondemand".
         Starting Set console scheme...
[[0;32m  OK  [0m] Started Getty on tty1.
[[0;32m  OK  [0m] Started Serial Getty on ttyS0.
[[0;32m  OK  [0m] Reached target Login Prompts.
[[0;32m  OK  [0m] Started LSB: daemon to balance interrupts for SMP systems.
[[0;32m  OK  [0m] Started LSB: automatic crash report generation.
[[0;32m  OK  [0m] Started Set console scheme.
[[0;32m  OK  [0m] Started Snappy daemon.
         Starting Wait until snapd is fully seeded...
[[0;32m  OK  [0m] Started Pollinate to seed the pseudo random number generator.
         Starting OpenBSD Secure Shell server...
[[0;32m  OK  [0m] Started OpenBSD Secure Shell server.
[[0;32m  OK  [0m] Created slice User Slice of vagrant.
         Starting User Manager for UID 1000...
[[0;32m  OK  [0m] Started Session 1 of user vagrant.
[[0;32m  OK  [0m] Started User Manager for UID 1000.
[[0;32m  OK  [0m] Started Wait until snapd is fully seeded.
         Starting Apply the settings specified in cloud-config...
[[0;32m  OK  [0m] Reached target Multi-User System.
[[0;32m  OK  [0m] Reached target Graphical Interface.
         Starting Update UTMP about System Runlevel Changes...
[[0;32m  OK  [0m] Started Update UTMP about System Runlevel Changes.
[   14.568434] cloud-init[1476]: Generating locales (this might take a while)...
[   15.737716] cloud-init[1476]:   en_US.UTF-8... done
[   15.739376] cloud-init[1476]: Generation complete.
[   16.203573] cloud-init[1476]: Cloud-init v. 19.2-36-g059d049c-0ubuntu1~16.04.1 running 'modules:config' at Mon, 14 Oct 2019 10:44:30 +0000. Up 14.40 seconds.
[[0;32m  OK  [0m] Started Apply the settings specified in cloud-config.
         Starting Execute cloud user/final scripts...
ci-info: no authorized ssh keys fingerprints found for user ubuntu.
<14>Oct 14 10:44:33 ec2: 
<14>Oct 14 10:44:33 ec2: #############################################################
<14>Oct 14 10:44:33 ec2: -----BEGIN SSH HOST KEY FINGERPRINTS-----
<14>Oct 14 10:44:33 ec2: 1024 SHA256:EUmhxBWMF4gOEU6bWuya2Aluct0LaRre+PFO9ZuVZf4 root@ubuntu-xenial (DSA)
<14>Oct 14 10:44:33 ec2: 256 SHA256:2T+4gDKIrB5vi/qO9cx8gK5i5EbW5n4pZrgGRAMsk5E root@ubuntu-xenial (ECDSA)
<14>Oct 14 10:44:33 ec2: 256 SHA256:CPiHrnmwHn3asjvy7YmxRmlPVjfIwGGNoEmz79ZqAro root@ubuntu-xenial (ED25519)
<14>Oct 14 10:44:33 ec2: 2048 SHA256:tLJfZi6mKfKqtn3ZEVcg8lw6/KIypaXrZS3Zhrsdqrw root@ubuntu-xenial (RSA)
<14>Oct 14 10:44:33 ec2: -----END SSH HOST KEY FINGERPRINTS-----
<14>Oct 14 10:44:33 ec2: #############################################################
-----BEGIN SSH HOST KEY KEYS-----
ecdsa-sha2-nistp256 AAAAE2VjZHNhLXNoYTItbmlzdHAyNTYAAAAIbmlzdHAyNTYAAABBBLZTbRrP6mbWfNMp/oTxKbNlt68AfxPooTpkc8zQGXirhDbRvB06tnfmEuTEiRak13Pa6aOe5adoToLMCVKts8U= root@ubuntu-xenial
ssh-ed25519 AAAAC3NzaC1lZDI1NTE5AAAAIDStxy5qOEjL1eVMpSmfv6ICYJnhu8r/rytoe2EQoIsO root@ubuntu-xenial
ssh-rsa AAAAB3NzaC1yc2EAAAADAQABAAABAQDjHIhh9SEt9sHq8RX7Bcc2sjI1KR6CwNt8dSUkl+FpTj08p9R1ulvkeBoBI3IySc5lHd56s1BZ3ShPIh7ag6E7MCNPoHXuAEhWbZ/ZHnpyMmm1etoXwRV5VZBpuxpxkM3Eq9KAKLxB7/uy8jStIYLDfevek0k9Ofw6vkDVoEoje7ms5W3Ly8qYFXN4/sfiypZc922q4L/eKFR+VL8z2MqPtI7qAofmkqh9tFBlU+ubxOsMYAKKLY/B57Lpq0HpJH1z0u4LwJssvEGmFKLzKgOymzT+FiLj0qa/fK19KYKqiNFKYtRNbVJ7Cnw9dkBe2ZlnvD0Hid0vy42NH/7OiXOr root@ubuntu-xenial
-----END SSH HOST KEY KEYS-----
[   16.929491] cloud-init[1633]: Cloud-init v. 19.2-36-g059d049c-0ubuntu1~16.04.1 running 'modules:final' at Mon, 14 Oct 2019 10:44:33 +0000. Up 16.69 seconds.
[   16.931354] cloud-init[1633]: ci-info: no authorized ssh keys fingerprints found for user ubuntu.
[   16.932486] cloud-init[1633]: Cloud-init v. 19.2-36-g059d049c-0ubuntu1~16.04.1 finished at Mon, 14 Oct 2019 10:44:33 +0000. Datasource DataSourceNoCloud [seed=/dev/sdb][dsmode=net].  Up 16.91 seconds

Ubuntu 16.04.6 LTS ubuntu-xenial ttyS0

ubuntu-xenial login:  [[0;32m  OK  [0m] Stopped target Graphical Interface.
         Stopping Accounts Service...
         Stopping User Manager for UID 1000...
[[0;32m  OK  [0m] Stopped target Timers.
[[0;32m  OK  [0m] Stopped Message of the Day.
[[0;32m  OK  [0m] Stopped Daily apt upgrade and clean activities.
[[0;32m  OK  [0m] Closed Load/Save RF Kill Switch Status /dev/rfkill Watch.
         Stopping ACPI event daemon...
[[0;32m  OK  [0m] Stopped Daily apt download activities.
         Stopping Session 14 of user vagrant.
[[0;32m  OK  [0m] Stopped target Cloud-init target.
[[0;32m  OK  [0m] Stopped Execute cloud user/final scripts.
[[0;32m  OK  [0m] Stopped target Multi-User System.
         Stopping LSB: automatic crash report generation...
         Stopping Virtualbox guest utils...
         Stopping LSB: MD monitoring daemon...
         Stopping Deferred execution scheduler...
         Stopping A high performance web server and a reverse proxy server...
         Stopping Unattended Upgrades Shutdown...
[[0;32m  OK  [0m] Stopped target Login Prompts.
         Stopping Serial Getty on ttyS0...
         Stopping FUSE filesystem for LXC...
         Stopping LSB: daemon to balance interrupts for SMP systems...
         Stopping LXD - container startup/shutdown...
         Stopping Regular background program processing daemon...
         Stopping Getty on tty1...
[[0;32m  OK  [0m] Stopped Daily Cleanup of Temporary Directories.
[[0;32m  OK  [0m] Stopped target System Time Synchronized.
[[0;32m  OK  [0m] Stopped Apply the settings specified in cloud-config.
[[0;32m  OK  [0m] Stopped Wait until snapd is fully seeded.
[[0;32m  OK  [0m] Stopped target Cloud-config availability.
         Stopping Authenticate and Authorize Users to Run Privileged Tasks...
         Stopping OpenBSD Secure Shell server...
         Stopping D-Bus System Message Bus...
         Stopping System Logging Service...
         Stopping LSB: Record successful boot for GRUB...
         Stopping LSB: Set the CPU Frequency Scaling governor to "ondemand"...
[[0;32m  OK  [0m] Unmounted /var/lib/lxcfs.
[[0;32m  OK  [0m] Stopped System Logging Service.
[[0;32m  OK  [0m] Stopped Accounts Service.
[[0;32m  OK  [0m] Stopped Deferred execution scheduler.
[[0;32m  OK  [0m] Stopped ACPI event daemon.
[[0;32m  OK  [0m] Stopped Regular background program processing daemon.
[[0;32m  OK  [0m] Stopped Unattended Upgrades Shutdown.
[[0;32m  OK  [0m] Stopped Authenticate and Authorize Users to Run Privileged Tasks.
[[0;32m  OK  [0m] Stopped Getty on tty1.
[[0;32m  OK  [0m] Stopped Serial Getty on ttyS0.
[[0;32m  OK  [0m] Stopped OpenBSD Secure Shell server.
[[0;32m  OK  [0m] Stopped User Manager for UID 1000.
[[0;32m  OK  [0m] Stopped Session 14 of user vagrant.
[[0;32m  OK  [0m] Stopped A high performance web server and a reverse proxy server.
[[0;32m  OK  [0m] Stopped D-Bus System Message Bus.
[[0;32m  OK  [0m] Stopped FUSE filesystem for LXC.
[[0;32m  OK  [0m] Stopped LSB: automatic crash report generation.
[[0;32m  OK  [0m] Stopped LXD - container startup/shutdown.
[[0;32m  OK  [0m] Stopped LSB: daemon to balance interrupts for SMP systems.
[[0;32m  OK  [0m] Stopped LSB: MD monitoring daemon.
[[0;32m  OK  [0m] Stopped Virtualbox guest utils.
[[0;32m  OK  [0m] Stopped LSB: Record successful boot for GRUB.
[[0;32m  OK  [0m] Stopped LSB: Set the CPU Frequency Scaling governor to "ondemand".
[[0;32m  OK  [0m] Removed slice User Slice of vagrant.
[[0;32m  OK  [0m] Removed slice system-serial\x2dgetty.slice.
         Stopping Permit User Sessions...
[[0;32m  OK  [0m] Stopped /etc/rc.local Compatibility.
[[0;32m  OK  [0m] Removed slice system-getty.slice.
         Stopping Login Service...
[[0;32m  OK  [0m] Stopped Permit User Sessions.
[[0;32m  OK  [0m] Stopped target Remote File Systems.
[[0;32m  OK  [0m] Stopped target Remote File Systems (Pre).
         Stopping Login to default iSCSI targets...
[[0;32m  OK  [0m] Stopped Login Service.
[[0;32m  OK  [0m] Stopped target User and Group Name Lookups.
[[0;32m  OK  [0m] Stopped target Basic System.
[[0;32m  OK  [0m] Stopped target Sockets.
[[0;32m  OK  [0m] Closed D-Bus System Message Bus Socket.
[[0;32m  OK  [0m] Closed ACPID Listen Socket.
[[0;32m  OK  [0m] Closed UUID daemon activation socket.
[[0;32m  OK  [0m] Closed Socket activation for snappy daemon.
[[0;32m  OK  [0m] Closed Syslog Socket.
[[0;32m  OK  [0m] Closed LXD - unix socket.
[[0;32m  OK  [0m] Stopped target Slices.
[[0;32m  OK  [0m] Removed slice User and Session Slice.
[[0;32m  OK  [0m] Stopped target Paths.
[[0;32m  OK  [0m] Stopped ACPI Events Check.
[[0;32m  OK  [0m] Stopped target System Initialization.
[[0;32m  OK  [0m] Stopped target Encrypted Volumes.
         Stopping Load/Save Random Seed...
[[0;32m  OK  [0m] Stopped Create Volatile Files and Directories.
[[0;32m  OK  [0m] Stopped target Swap.
[[0;32m  OK  [0m] Stopped Commit a transient machine-id on disk.
[[0;32m  OK  [0m] Stopped Forward Password Requests to Wall Directory Watch.
[[0;32m  OK  [0m] Stopped Dispatch Password Requests to Console Directory Watch.
[[0;32m  OK  [0m] Stopped Login to default iSCSI targets.
[[0;32m  OK  [0m] Stopped Load/Save Random Seed.
         Stopping iSCSI initiator daemon (iscsid)...
[[0;32m  OK  [0m] Stopped iSCSI initiator daemon (iscsid).
[[0;32m  OK  [0m] Stopped target Network is Online.
[[0;32m  OK  [0m] Stopped Initial cloud-init job (metadata service crawler).
[[0;32m  OK  [0m] Stopped target Network.
         Stopping Raise network interfaces...
[[0;32m  OK  [0m] Stopped Raise network interfaces.
[[0;32m  OK  [0m] Stopped target Network (Pre).
[[0;32m  OK  [0m] Stopped Initial cloud-init job (pre-networking).
[[0;32m  OK  [0m] Stopped Apply Kernel Variables.
[[0;32m  OK  [0m] Stopped Load Kernel Modules.
[[0;32m  OK  [0m] Stopped target Local File Systems.
         Unmounting /home/ubuntu/app...
         Unmounting /run/user/1000...
         Unmounting /vagrant...
[[0;32m  OK  [0m] Unmounted /home/ubuntu/app.
[[0;32m  OK  [0m] Unmounted /run/user/1000.
[[0;32m  OK  [0m] Unmounted /vagrant.
[[0;32m  OK  [0m] Reached target Unmount All Filesystems.
[[0;32m  OK  [0m] Stopped target Local File Systems (Pre).
[[0;32m  OK  [0m] Stopped Remount Root and Kernel File Systems.
         Stopping Monitoring of LVM2 mirrors... dmeventd or progress polling...
[[0;32m  OK  [0m] Stopped Create Static Device Nodes in /dev.
[[0;32m  OK  [0m] Reached target Shutdown.
[ 6311.226257] reboot: Power down
