[    0.000000] Initializing cgroup subsys cpuset
[    0.000000] Initializing cgroup subsys cpu
[    0.000000] Initializing cgroup subsys cpuacct
[    0.000000] Linux version 4.4.0-165-generic (buildd@lgw01-amd64-027) (gcc version 5.4.0 20160609 (Ubuntu 5.4.0-6ubuntu1~16.04.10) ) #193-Ubuntu SMP Tue Sep 17 17:42:52 UTC 2019 (Ubuntu 4.4.0-165.193-generic 4.4.189)
[    0.000000] Command line: BOOT_IMAGE=/boot/vmlinuz-4.4.0-165-generic root=LABEL=cloudimg-rootfs ro console=tty1 console=ttyS0
[    0.000000] KERNEL supported cpus:
[    0.000000]   Intel GenuineIntel
[    0.000000]   AMD AuthenticAMD
[    0.000000]   Centaur CentaurHauls
[    0.000000] x86/fpu: xstate_offset[2]:  576, xstate_sizes[2]:  256
[    0.000000] x86/fpu: Supporting XSAVE feature 0x01: 'x87 floating point registers'
[    0.000000] x86/fpu: Supporting XSAVE feature 0x02: 'SSE registers'
[    0.000000] x86/fpu: Supporting XSAVE feature 0x04: 'AVX registers'
[    0.000000] x86/fpu: Enabled xstate features 0x7, context size is 832 bytes, using 'standard' format.
[    0.000000] e820: BIOS-provided physical RAM map:
[    0.000000] BIOS-e820: [mem 0x0000000000000000-0x000000000009fbff] usable
[    0.000000] BIOS-e820: [mem 0x000000000009fc00-0x000000000009ffff] reserved
[    0.000000] BIOS-e820: [mem 0x00000000000f0000-0x00000000000fffff] reserved
[    0.000000] BIOS-e820: [mem 0x0000000000100000-0x000000003ffeffff] usable
[    0.000000] BIOS-e820: [mem 0x000000003fff0000-0x000000003fffffff] ACPI data
[    0.000000] BIOS-e820: [mem 0x00000000fec00000-0x00000000fec00fff] reserved
[    0.000000] BIOS-e820: [mem 0x00000000fee00000-0x00000000fee00fff] reserved
[    0.000000] BIOS-e820: [mem 0x00000000fffc0000-0x00000000ffffffff] reserved
[    0.000000] NX (Execute Disable) protection: active
[    0.000000] SMBIOS 2.5 present.
[    0.000000] Hypervisor detected: KVM
[    0.000000] Kernel/User page tables isolation: disabled
[    0.000000] e820: last_pfn = 0x3fff0 max_arch_pfn = 0x400000000
[    0.000000] MTRR: Disabled
[    0.000000] x86/PAT: MTRRs disabled, skipping PAT initialization too.
[    0.000000] CPU MTRRs all blank - virtualized system.
[    0.000000] x86/PAT: Configuration [0-7]: WB  WT  UC- UC  WB  WT  UC- UC  
[    0.000000] found SMP MP-table at [mem 0x0009fff0-0x0009ffff] mapped at [ffff88000009fff0]
[    0.000000] Scanning 1 areas for low memory corruption
[    0.000000] RAMDISK: [mem 0x362fa000-0x37174fff]
[    0.000000] ACPI: Early table checksum verification disabled
[    0.000000] ACPI: RSDP 0x00000000000E0000 000024 (v02 VBOX  )
[    0.000000] ACPI: XSDT 0x000000003FFF0030 00003C (v01 VBOX   VBOXXSDT 00000001 ASL  00000061)
[    0.000000] ACPI: FACP 0x000000003FFF00F0 0000F4 (v04 VBOX   VBOXFACP 00000001 ASL  00000061)
[    0.000000] ACPI: DSDT 0x000000003FFF0470 0022EA (v02 VBOX   VBOXBIOS 00000002 INTL 20100528)
[    0.000000] ACPI: FACS 0x000000003FFF0200 000040
[    0.000000] ACPI: FACS 0x000000003FFF0200 000040
[    0.000000] ACPI: APIC 0x000000003FFF0240 00005C (v02 VBOX   VBOXAPIC 00000001 ASL  00000061)
[    0.000000] ACPI: SSDT 0x000000003FFF02A0 0001CC (v01 VBOX   VBOXCPUT 00000002 INTL 20100528)
[    0.000000] No NUMA configuration found
[    0.000000] Faking a node at [mem 0x0000000000000000-0x000000003ffeffff]
[    0.000000] NODE_DATA(0) allocated [mem 0x3ffeb000-0x3ffeffff]
[    0.000000] kvm-clock: Using msrs 4b564d01 and 4b564d00
[    0.000000] kvm-clock: cpu 0, msr 0:3ffe3001, primary cpu clock
[    0.000000] kvm-clock: using sched offset of 3949351056 cycles
[    0.000000] clocksource: kvm-clock: mask: 0xffffffffffffffff max_cycles: 0x1cd42e4dffb, max_idle_ns: 881590591483 ns
[    0.000000] Zone ranges:
[    0.000000]   DMA      [mem 0x0000000000001000-0x0000000000ffffff]
[    0.000000]   DMA32    [mem 0x0000000001000000-0x000000003ffeffff]
[    0.000000]   Normal   empty
[    0.000000]   Device   empty
[    0.000000] Movable zone start for each node
[    0.000000] Early memory node ranges
[    0.000000]   node   0: [mem 0x0000000000001000-0x000000000009efff]
[    0.000000]   node   0: [mem 0x0000000000100000-0x000000003ffeffff]
[    0.000000] Initmem setup node 0 [mem 0x0000000000001000-0x000000003ffeffff]
[    0.000000] ACPI: PM-Timer IO Port: 0x4008
[    0.000000] IOAPIC[0]: apic_id 2, version 32, address 0xfec00000, GSI 0-23
[    0.000000] ACPI: INT_SRC_OVR (bus 0 bus_irq 0 global_irq 2 dfl dfl)
[    0.000000] ACPI: INT_SRC_OVR (bus 0 bus_irq 9 global_irq 9 low level)
[    0.000000] Using ACPI (MADT) for SMP configuration information
[    0.000000] smpboot: Allowing 2 CPUs, 0 hotplug CPUs
[    0.000000] PM: Registered nosave memory: [mem 0x00000000-0x00000fff]
[    0.000000] PM: Registered nosave memory: [mem 0x0009f000-0x0009ffff]
[    0.000000] PM: Registered nosave memory: [mem 0x000a0000-0x000effff]
[    0.000000] PM: Registered nosave memory: [mem 0x000f0000-0x000fffff]
[    0.000000] e820: [mem 0x40000000-0xfebfffff] available for PCI devices
[    0.000000] Booting paravirtualized kernel on KVM
[    0.000000] clocksource: refined-jiffies: mask: 0xffffffff max_cycles: 0xffffffff, max_idle_ns: 7645519600211568 ns
[    0.000000] setup_percpu: NR_CPUS:512 nr_cpumask_bits:512 nr_cpu_ids:2 nr_node_ids:1
[    0.000000] PERCPU: Embedded 34 pages/cpu @ffff88003fc00000 s99544 r8192 d31528 u1048576
[    0.000000] Built 1 zonelists in Node order, mobility grouping on.  Total pages: 257912
[    0.000000] Policy zone: DMA32
[    0.000000] Kernel command line: BOOT_IMAGE=/boot/vmlinuz-4.4.0-165-generic root=LABEL=cloudimg-rootfs ro console=tty1 console=ttyS0
[    0.000000] PID hash table entries: 4096 (order: 3, 32768 bytes)
[    0.000000] Memory: 997732K/1048120K available (8621K kernel code, 1335K rwdata, 4032K rodata, 1484K init, 1284K bss, 50388K reserved, 0K cma-reserved)
[    0.000000] SLUB: HWalign=64, Order=0-3, MinObjects=0, CPUs=2, Nodes=1
[    0.000000] Hierarchical RCU implementation.
[    0.000000] 	Build-time adjustment of leaf fanout to 64.
[    0.000000] 	RCU restricting CPUs from NR_CPUS=512 to nr_cpu_ids=2.
[    0.000000] RCU: Adjusting geometry for rcu_fanout_leaf=64, nr_cpu_ids=2
[    0.000000] NR_IRQS:33024 nr_irqs:440 16
[    0.000000] Console: colour VGA+ 80x25
[    0.000000] console [tty1] enabled
[    0.000000] console [ttyS0] enabled
[    0.000000] tsc: Detected 1991.999 MHz processor
[    0.199457] Calibrating delay loop (skipped) preset value.. 3983.99 BogoMIPS (lpj=7967996)
[    0.200831] pid_max: default: 32768 minimum: 301
[    0.201520] ACPI: Core revision 20150930
[    0.202839] ACPI: 2 ACPI AML tables successfully acquired and loaded
[    0.203961] Security Framework initialized
[    0.204636] Yama: becoming mindful.
[    0.205264] AppArmor: AppArmor initialized
[    0.205980] Dentry cache hash table entries: 131072 (order: 8, 1048576 bytes)
[    0.207139] Inode-cache hash table entries: 65536 (order: 7, 524288 bytes)
[    0.210470] Mount-cache hash table entries: 2048 (order: 2, 16384 bytes)
[    0.211511] Mountpoint-cache hash table entries: 2048 (order: 2, 16384 bytes)
[    0.212584] Initializing cgroup subsys io
[    0.213375] Initializing cgroup subsys memory
[    0.214079] Initializing cgroup subsys devices
[    0.214950] Initializing cgroup subsys freezer
[    0.215747] Initializing cgroup subsys net_cls
[    0.216448] Initializing cgroup subsys perf_event
[    0.217132] Initializing cgroup subsys net_prio
[    0.218011] Initializing cgroup subsys hugetlb
[    0.218793] Initializing cgroup subsys pids
[    0.220613] mce: CPU supports 0 MCE banks
[    0.221261] Last level iTLB entries: 4KB 64, 2MB 8, 4MB 8
[    0.222072] Last level dTLB entries: 4KB 64, 2MB 0, 4MB 0, 1GB 4
[    0.223615] Spectre V1 : Mitigation: usercopy/swapgs barriers and __user pointer sanitization
[    0.224887] Spectre V2 : Mitigation: Enhanced IBRS
[    0.225803] Spectre V2 : Spectre v2 / SpectreRSB mitigation: Filling RSB on context switch
[    0.227163] Speculative Store Bypass: Vulnerable
[    0.230039] Freeing SMP alternatives memory: 36K
[    0.235991] ftrace: allocating 32318 entries in 127 pages
[    0.283504] smpboot: APIC(0) Converting physical 0 to logical package 0
[    0.284537] smpboot: Max logical packages: 1
[    0.285802] x2apic enabled
[    0.286635] Switched APIC routing to physical x2apic.
[    0.288909] ..TIMER: vector=0x30 apic1=0 pin1=2 apic2=-1 pin2=-1
[    0.394887] smpboot: CPU0: Intel(R) Core(TM) i7-8565U CPU @ 1.80GHz (family: 0x6, model: 0x8e, stepping: 0xc)
[    0.398303] Performance Events: unsupported p6 CPU model 142 no PMU driver, software events only.
[    0.421797] KVM setup paravirtual spinlock
[    0.424039] x86: Booting SMP configuration:
[    0.425097] .... node  #0, CPUs:      #1
[    0.425859] kvm-clock: cpu 1, msr 0:3ffe3041, secondary cpu clock
[    0.427830] mce: CPU supports 0 MCE banks
[    0.430196] x86: Booted up 1 node, 2 CPUs
[    0.431505] smpboot: Total of 2 processors activated (7967.99 BogoMIPS)
[    0.433389] devtmpfs: initialized
[    0.436538] evm: security.selinux
[    0.437145] evm: security.SMACK64
[    0.437702] evm: security.SMACK64EXEC
[    0.438397] evm: security.SMACK64TRANSMUTE
[    0.439161] evm: security.SMACK64MMAP
[    0.439740] evm: security.ima
[    0.440235] evm: security.capability
[    0.440937] clocksource: jiffies: mask: 0xffffffff max_cycles: 0xffffffff, max_idle_ns: 7645041785100000 ns
[    0.442298] futex hash table entries: 512 (order: 3, 32768 bytes)
[    0.444081] pinctrl core: initialized pinctrl subsystem
[    0.445304] RTC time: 15:29:45, date: 10/14/19
[    0.449453] NET: Registered protocol family 16
[    0.460309] cpuidle: using governor ladder
[    0.471911] cpuidle: using governor menu
[    0.472918] PCCT header not found.
[    0.473820] ACPI: bus type PCI registered
[    0.474511] acpiphp: ACPI Hot Plug PCI Controller Driver version: 0.5
[    0.475583] PCI: Using configuration type 1 for base access
[    0.489862] ACPI: Added _OSI(Module Device)
[    0.491747] ACPI: Added _OSI(Processor Device)
[    0.493503] ACPI: Added _OSI(3.0 _SCP Extensions)
[    0.495673] ACPI: Added _OSI(Processor Aggregator Device)
[    0.499120] ACPI: Executed 1 blocks of module-level executable AML code
[    0.504055] ACPI: Interpreter enabled
[    0.504866] ACPI: (supports S0 S5)
[    0.505563] ACPI: Using IOAPIC for interrupt routing
[    0.506804] PCI: Using host bridge windows from ACPI; if necessary, use "pci=nocrs" and report a bug
[    0.512274] ACPI: PCI Root Bridge [PCI0] (domain 0000 [bus 00-ff])
[    0.513524] acpi PNP0A03:00: _OSC: OS supports [ASPM ClockPM Segments MSI]
[    0.516112] acpi PNP0A03:00: _OSC: not requesting OS control; OS requires [ExtendedConfig ASPM ClockPM MSI]
[    0.519700] acpi PNP0A03:00: fail to add MMCONFIG information, can't access extended PCI configuration space under this bridge.
[    0.524436] PCI host bridge to bus 0000:00
[    0.526095] pci_bus 0000:00: root bus resource [io  0x0000-0x0cf7 window]
[    0.528639] pci_bus 0000:00: root bus resource [io  0x0d00-0xffff window]
[    0.530981] pci_bus 0000:00: root bus resource [mem 0x000a0000-0x000bffff window]
[    0.533969] pci_bus 0000:00: root bus resource [mem 0x40000000-0xfdffffff window]
[    0.536727] pci_bus 0000:00: root bus resource [bus 00-ff]
[    0.541261] pci 0000:00:01.1: legacy IDE quirk: reg 0x10: [io  0x01f0-0x01f7]
[    0.543504] pci 0000:00:01.1: legacy IDE quirk: reg 0x14: [io  0x03f6]
[    0.545420] pci 0000:00:01.1: legacy IDE quirk: reg 0x18: [io  0x0170-0x0177]
[    0.547661] pci 0000:00:01.1: legacy IDE quirk: reg 0x1c: [io  0x0376]
[    0.575089] pci 0000:00:07.0: quirk: [io  0x4000-0x403f] claimed by PIIX4 ACPI
[    0.595961] pci 0000:00:07.0: quirk: [io  0x4100-0x410f] claimed by PIIX4 SMB
[    0.613615] ACPI: PCI Interrupt Link [LNKA] (IRQs 5 9 10 *11)
[    0.616625] ACPI: PCI Interrupt Link [LNKB] (IRQs 5 9 *10 11)
[    0.619048] ACPI: PCI Interrupt Link [LNKC] (IRQs 5 *9 10 11)
[    0.621670] ACPI: PCI Interrupt Link [LNKD] (IRQs 5 9 10 *11)
[    0.624072] ACPI: Enabled 2 GPEs in block 00 to 07
[    0.626616] vgaarb: setting as boot device: PCI:0000:00:02.0
[    0.628867] vgaarb: device added: PCI:0000:00:02.0,decodes=io+mem,owns=io+mem,locks=none
[    0.632208] vgaarb: loaded
[    0.633352] vgaarb: bridge control possible 0000:00:02.0
[    0.635855] SCSI subsystem initialized
[    0.637843] ACPI: bus type USB registered
[    0.639644] usbcore: registered new interface driver usbfs
[    0.641676] usbcore: registered new interface driver hub
[    0.643922] usbcore: registered new device driver usb
[    0.646521] PCI: Using ACPI for IRQ routing
[    0.648807] NetLabel: Initializing
[    0.650299] NetLabel:  domain hash size = 128
[    0.652216] NetLabel:  protocols = UNLABELED CIPSOv4
[    0.654113] NetLabel:  unlabeled traffic allowed by default
[    0.656821] amd_nb: Cannot enumerate AMD northbridges
[    0.659075] clocksource: Switched to clocksource kvm-clock
[    0.683195] AppArmor: AppArmor Filesystem Enabled
[    0.685202] pnp: PnP ACPI init
[    0.688157] pnp: PnP ACPI: found 3 devices
[    0.705290] clocksource: acpi_pm: mask: 0xffffff max_cycles: 0xffffff, max_idle_ns: 2085701024 ns
[    0.706581] NET: Registered protocol family 2
[    0.707545] TCP established hash table entries: 8192 (order: 4, 65536 bytes)
[    0.708627] TCP bind hash table entries: 8192 (order: 5, 131072 bytes)
[    0.709680] TCP: Hash tables configured (established 8192 bind 8192)
[    0.710555] UDP hash table entries: 512 (order: 2, 16384 bytes)
[    0.711450] UDP-Lite hash table entries: 512 (order: 2, 16384 bytes)
[    0.712445] NET: Registered protocol family 1
[    0.713147] pci 0000:00:00.0: Limiting direct PCI/PCI transfers
[    0.714045] pci 0000:00:01.0: Activating ISA DMA hang workarounds
[    0.717883] Unpacking initramfs...
[    1.199299] Freeing initrd memory: 14828K
[    1.200489] clocksource: tsc: mask: 0xffffffffffffffff max_cycles: 0x396d4ffc055, max_idle_ns: 881590662783 ns
[    1.202549] platform rtc_cmos: registered platform RTC device (no PNP device found)
[    1.204309] Scanning for low memory corruption every 60 seconds
[    1.205638] audit: initializing netlink subsys (disabled)
[    1.206652] audit: type=2000 audit(1571066991.091:1): initialized
[    1.207956] Initialise system trusted keyring
[    1.209040] HugeTLB registered 2 MB page size, pre-allocated 0 pages
[    1.211866] zbud: loaded
[    1.212991] VFS: Disk quotas dquot_6.6.0
[    1.213743] VFS: Dquot-cache hash table entries: 512 (order 0, 4096 bytes)
[    1.215207] squashfs: version 4.0 (2009/01/31) Phillip Lougher
[    1.216757] fuse init (API version 7.23)
[    1.217623] Key type big_key registered
[    1.218505] Allocating IMA MOK and blacklist keyrings.
[    1.224468] Key type asymmetric registered
[    1.225374] Asymmetric key parser 'x509' registered
[    1.226496] Block layer SCSI generic (bsg) driver version 0.4 loaded (major 249)
[    1.228517] io scheduler noop registered
[    1.229506] io scheduler deadline registered (default)
[    1.231273] io scheduler cfq registered
[    1.232615] pci_hotplug: PCI Hot Plug PCI Core version: 0.5
[    1.234075] pciehp: PCI Express Hot Plug Controller Driver version: 0.4
[    1.235343] ACPI: AC Adapter [AC] (off-line)
[    1.236123] input: Power Button as /devices/LNXSYSTM:00/LNXPWRBN:00/input/input0
[    1.237421] ACPI: Power Button [PWRF]
[    1.238131] input: Sleep Button as /devices/LNXSYSTM:00/LNXSLPBN:00/input/input1
[    1.239606] ACPI: Sleep Button [SLPF]
[    1.241100] ACPI: Battery Slot [BAT0] (battery present)
[    1.242297] GHES: HEST is not enabled!
[    1.243346] Serial: 8250/16550 driver, 32 ports, IRQ sharing enabled
[    1.264802] 00:02: ttyS0 at I/O 0x3f8 (irq = 4, base_baud = 115200) is a 16550A
[    1.268908] Linux agpgart interface v0.103
[    1.274288] loop: module loaded
[    1.276682] scsi host0: ata_piix
[    1.278033] scsi host1: ata_piix
[    1.279213] ata1: PATA max UDMA/33 cmd 0x1f0 ctl 0x3f6 bmdma 0xd000 irq 14
[    1.281053] ata2: PATA max UDMA/33 cmd 0x170 ctl 0x376 bmdma 0xd008 irq 15
[    1.284169] libphy: Fixed MDIO Bus: probed
[    1.285503] tun: Universal TUN/TAP device driver, 1.6
[    1.287100] tun: (C) 1999-2004 Max Krasnyansky <maxk@qualcomm.com>
[    1.289042] PPP generic driver version 2.4.2
[    1.290674] ehci_hcd: USB 2.0 'Enhanced' Host Controller (EHCI) Driver
[    1.292544] ehci-pci: EHCI PCI platform driver
[    1.293923] ehci-platform: EHCI generic platform driver
[    1.295567] ohci_hcd: USB 1.1 'Open' Host Controller (OHCI) Driver
[    1.297271] ohci-pci: OHCI PCI platform driver
[    1.298729] ohci-platform: OHCI generic platform driver
[    1.300496] uhci_hcd: USB Universal Host Controller Interface driver
[    1.302462] i8042: PNP: PS/2 Controller [PNP0303:PS2K,PNP0f03:PS2M] at 0x60,0x64 irq 1,12
[    1.305937] serio: i8042 KBD port at 0x60,0x64 irq 1
[    1.307565] serio: i8042 AUX port at 0x60,0x64 irq 12
[    1.309025] mousedev: PS/2 mouse device common for all mice
[    1.310874] rtc_cmos rtc_cmos: rtc core: registered rtc_cmos as rtc0
[    1.312610] rtc_cmos rtc_cmos: alarms up to one day, 114 bytes nvram
[    1.314161] i2c /dev entries driver
[    1.315278] input: AT Translated Set 2 keyboard as /devices/platform/i8042/serio0/input/input2
[    1.317720] device-mapper: uevent: version 1.0.3
[    1.319211] device-mapper: ioctl: 4.34.0-ioctl (2015-10-28) initialised: dm-devel@redhat.com
[    1.321524] ledtrig-cpu: registered to indicate activity on CPUs
[    1.324332] NET: Registered protocol family 10
[    1.325870] NET: Registered protocol family 17
[    1.327033] Key type dns_resolver registered
[    1.329263] registered taskstats version 1
[    1.330366] Loading compiled-in X.509 certificates
[    1.332236] Loaded X.509 cert 'Build time autogenerated kernel key: 0ed82eac04367aa6426493b1389455ebf6830eaa'
[    1.334470] zswap: loaded using pool lzo/zbud
[    1.338732] Key type trusted registered
[    1.345198] Key type encrypted registered
[    1.346451] AppArmor: AppArmor sha1 policy hashing enabled
[    1.348054] ima: No TPM chip found, activating TPM-bypass!
[    1.349590] ima: Allocated hash algorithm: sha1
[    1.351194] evm: HMAC attrs: 0x1
[    1.353376]   Magic number: 7:593:487
[    1.355150] rtc_cmos rtc_cmos: setting system clock to 2019-10-14 15:29:46 UTC (1571066986)
[    1.358695] BIOS EDD facility v0.16 2004-Jun-25, 0 devices found
[    1.360933] EDD information not available.
[    1.443409] Freeing unused kernel memory: 1484K
[    1.446132] Write protecting the kernel read-only data: 14336k
[    1.450574] Freeing unused kernel memory: 1608K
[    1.453666] Freeing unused kernel memory: 64K
Loading, please wait...
starting version 229
[    1.490549] random: systemd-udevd: uninitialized urandom read (16 bytes read, 3 bits of entropy available)
[    1.492020] random: udevadm: uninitialized urandom read (16 bytes read, 3 bits of entropy available)
[    1.492053] random: udevadm: uninitialized urandom read (16 bytes read, 3 bits of entropy available)
[    1.504988] random: systemd-udevd: uninitialized urandom read (16 bytes read, 3 bits of entropy available)
[    1.505245] random: udevadm: uninitialized urandom read (16 bytes read, 3 bits of entropy available)
[    1.505286] random: udevadm: uninitialized urandom read (16 bytes read, 3 bits of entropy available)
[    1.505371] random: udevadm: uninitialized urandom read (16 bytes read, 3 bits of entropy available)
[    1.505404] random: udevadm: uninitialized urandom read (16 bytes read, 3 bits of entropy available)
[    1.505433] random: udevadm: uninitialized urandom read (16 bytes read, 3 bits of entropy available)
[    1.505464] random: udevadm: uninitialized urandom read (16 bytes read, 3 bits of entropy available)
[    1.540063] e1000: Intel(R) PRO/1000 Network Driver - version 7.3.21-k8-NAPI
[    1.542401] e1000: Copyright (c) 1999-2006 Intel Corporation.
[    1.545660] Fusion MPT base driver 3.04.20
[    1.546500] Copyright (c) 1999-2008 LSI Corporation
[    1.577279] Fusion MPT SPI Host driver 3.04.20
[    1.588433] AVX2 version of gcm_enc/dec engaged.
[    1.590614] AES CTR mode by8 optimization enabled
[    1.761839] input: ImExPS/2 Generic Explorer Mouse as /devices/platform/i8042/serio1/input/input4
[    1.967893] e1000 0000:00:03.0 eth0: (PCI:33MHz:32-bit) 02:0e:9b:2d:5b:92
[    1.970441] e1000 0000:00:03.0 eth0: Intel(R) PRO/1000 Network Connection
[    2.360397] e1000 0000:00:08.0 eth1: (PCI:33MHz:32-bit) 08:00:27:44:f6:76
[    2.362911] e1000 0000:00:08.0 eth1: Intel(R) PRO/1000 Network Connection
[    2.368036] e1000 0000:00:08.0 enp0s8: renamed from eth1
[    2.370133] mptbase: ioc0: Initiating bringup
[    2.379798] e1000 0000:00:03.0 enp0s3: renamed from eth0
[    2.450800] ioc0: LSI53C1030 A0: Capabilities={Initiator}
[    3.163549] scsi host2: ioc0: LSI53C1030 A0, FwRev=00000000h, Ports=1, MaxQ=256, IRQ=20
[    3.591625] scsi 2:0:0:0: Direct-Access     VBOX     HARDDISK         1.0  PQ: 0 ANSI: 5
[    3.598264] scsi target2:0:0: Beginning Domain Validation
[    3.609487] scsi target2:0:0: Domain Validation skipping write tests
[    3.613922] scsi target2:0:0: Ending Domain Validation
[    3.617596] scsi target2:0:0: asynchronous
[    3.623044] scsi 2:0:1:0: Direct-Access     VBOX     HARDDISK         1.0  PQ: 0 ANSI: 5
[    3.629112] scsi target2:0:1: Beginning Domain Validation
[    3.635834] scsi target2:0:1: Domain Validation skipping write tests
[    3.657444] scsi target2:0:1: Ending Domain Validation
[    3.659610] scsi target2:0:1: asynchronous
[    3.679868] sd 2:0:0:0: [sda] 20971520 512-byte logical blocks: (10.7 GB/10.0 GiB)
[    3.683526] sd 2:0:0:0: [sda] Write Protect is off
[    3.685536] sd 2:0:0:0: Attached scsi generic sg0 type 0
[    3.687748] sd 2:0:0:0: [sda] Incomplete mode parameter data
[    3.689997] sd 2:0:0:0: [sda] Assuming drive cache: write through
[    3.693242] sd 2:0:1:0: [sdb] 20480 512-byte logical blocks: (10.5 MB/10.0 MiB)
[    3.697438] sd 2:0:1:0: [sdb] Write Protect is off
[    3.699491] sd 2:0:1:0: Attached scsi generic sg1 type 0
[    3.702170] sd 2:0:1:0: [sdb] Incomplete mode parameter data
[    3.704491] sd 2:0:1:0: [sdb] Assuming drive cache: write through
[    3.752178]  sda: sda1
[    3.754064] sd 2:0:1:0: [sdb] Attached SCSI disk
[    3.755692] sd 2:0:0:0: [sda] Attached SCSI disk
Begin: Loading essential drivers ... [    5.322464] md: linear personality registered for level -1
[    5.328602] md: multipath personality registered for level -4
[    5.334280] md: raid0 personality registered for level 0
[    5.341966] md: raid1 personality registered for level 1
[    5.415793] raid6: sse2x1   gen()  4562 MB/s
[    5.483635] raid6: sse2x1   xor()  6836 MB/s
[    5.551681] raid6: sse2x2   gen()  5705 MB/s
[    5.619222] raid6: sse2x2   xor()  5455 MB/s
[    5.687148] raid6: sse2x4   gen()  8897 MB/s
[    5.755188] raid6: sse2x4   xor()  4378 MB/s
[    5.823184] raid6: avx2x1   gen()  9041 MB/s
[    5.891392] raid6: avx2x2   gen() 11416 MB/s
[    5.959586] raid6: avx2x4   gen() 19862 MB/s
[    5.961478] raid6: using algorithm avx2x4 gen() 19862 MB/s
[    5.963646] raid6: using avx2x2 recovery algorithm
[    5.967562] xor: automatically using best checksumming function:
[    6.007219]    avx       : 21421.000 MB/sec
[    6.009611] async_tx: api initialized (async)
[    6.023844] md: raid6 personality registered for level 6
[    6.026010] md: raid5 personality registered for level 5
[    6.028165] md: raid4 personality registered for level 4
[    6.042168] md: raid10 personality registered for level 10
done.
Begin: Running /scripts/init-premount ... done.
Begin: Mounting root file system ... Begin: Running /scripts/local-top ... done.
Begin: Running /scripts/local-premount ... [    6.098277] Btrfs loaded
Scanning for Btrfs filesystems
done.
Warning: fsck not present, so skipping root file system
[    6.149727] EXT4-fs (sda1): mounted filesystem with ordered data mode. Opts: (null)
done.
Begin: Running /scripts/local-bottom ... done.
Begin: Running /scripts/init-bottom ... done.
[    6.304122] systemd[1]: systemd 229 running in system mode. (+PAM +AUDIT +SELINUX +IMA +APPARMOR +SMACK +SYSVINIT +UTMP +LIBCRYPTSETUP +GCRYPT +GNUTLS +ACL +XZ -LZ4 +SECCOMP +BLKID +ELFUTILS +KMOD -IDN)
[    6.308320] systemd[1]: Detected virtualization oracle.
[    6.309605] systemd[1]: Detected architecture x86-64.

Welcome to [1mUbuntu 16.04.6 LTS[0m!

[    6.313812] systemd[1]: Set hostname to <ubuntu>.
[    6.317107] systemd[1]: Initializing machine ID from random generator.
[    6.318551] systemd[1]: Installed transient /etc/machine-id file.
[    6.454929] systemd[1]: Started Forward Password Requests to Wall Directory Watch.
[[0;32m  OK  [0m] Started Forward Password Requests to Wall Directory Watch.
[    6.457276] systemd[1]: Listening on LVM2 poll daemon socket.
[[0;32m  OK  [0m] Listening on LVM2 poll daemon socket.
[    6.458740] systemd[1]: Reached target System Time Synchronized.
[[0;32m  OK  [0m] Reached target System Time Synchronized.
[    6.467626] systemd[1]: Listening on LVM2 metadata daemon socket.
[[0;32m  OK  [0m] Listening on LVM2 metadata daemon socket.
[    6.475459] systemd[1]: Listening on udev Kernel Socket.
[[0;32m  OK  [0m] Listening on udev Kernel Socket.
[    6.483282] systemd[1]: Listening on Journal Socket (/dev/log).
[[0;32m  OK  [0m] Listening on Journal Socket (/dev/log).
[    6.484839] systemd[1]: Set up automount Arbitrary Executable File Formats File System Automount Point.
[[0;32m  OK  [0m] Set up automount Arbitrary Executab...ats File System Automount Point.
[    6.492054] systemd[1]: Reached target User and Group Name Lookups.
[[0;32m  OK  [0m] Reached target User and Group Name Lookups.
[    6.500000] systemd[1]: Reached target Encrypted Volumes.
[[0;32m  OK  [0m] Reached target Encrypted Volumes.
[    6.502664] systemd[1]: Created slice System Slice.
[[0;32m  OK  [0m] Created slice System Slice.
[    6.504608] systemd[1]: Created slice system-serial\x2dgetty.slice.
[[0;32m  OK  [0m] Created slice system-serial\x2dgetty.slice.
[    6.511576] systemd[1]: Listening on udev Control Socket.
[[0;32m  OK  [0m] Listening on udev Control Socket.
[    6.513124] systemd[1]: Listening on Syslog Socket.
[[0;32m  OK  [0m] Listening on Syslog Socket.
[    6.514667] systemd[1]: Listening on Journal Audit Socket.
[[0;32m  OK  [0m] Listening on Journal Audit Socket.
[    6.523302] systemd[1]: Started Trigger resolvconf update for networkd DNS.
[[0;32m  OK  [0m] Started Trigger resolvconf update for networkd DNS.
[    6.532267] systemd[1]: Created slice User and Session Slice.
[[0;32m  OK  [0m] Created slice User and Session Slice.
[    6.543444] systemd[1]: Reached target Slices.
[[0;32m  OK  [0m] Reached target Slices.
[    6.546400] systemd[1]: Reached target Swap.
[[0;32m  OK  [0m] Reached target Swap.
[    6.549274] systemd[1]: Listening on Device-mapper event daemon FIFOs.
[[0;32m  OK  [0m] Listening on Device-mapper event daemon FIFOs.
[    6.560012] systemd[1]: Listening on /dev/initctl Compatibility Named Pipe.
[[0;32m  OK  [0m] Listening on /dev/initctl Compatibility Named Pipe.
[    6.571580] systemd[1]: Listening on Journal Socket.
[[0;32m  OK  [0m] Listening on Journal Socket.
[    6.591329] systemd[1]: Mounting POSIX Message Queue File System...
         Mounting POSIX Message Queue File System...
[    6.605302] systemd[1]: Starting Uncomplicated firewall...
         Starting Uncomplicated firewall...
[    6.611087] systemd[1]: Starting Monitoring of LVM2 mirrors, snapshots etc. using dmeventd or progress polling...
         Starting Monitoring of LVM2 mirrors... dmeventd or progress polling...
[    6.619204] systemd[1]: Starting Remount Root and Kernel File Systems...
         Starting Remount Root and Kernel File Systems...
[    6.625265] systemd[1]: Starting Set console keymap...
         Starting Set console keymap...
[    6.630226] systemd[1]: Starting Nameserver information manager...
         Starting Nameserver information manager...
[    6.637559] systemd[1]: Starting Create list of required static device nodes for the current kernel...
         Starting Create list of required st... nodes for the current kernel...
[    6.642554] systemd[1]: Mounting Debug File System...
         Mounting Debug File System...
[    6.651032] EXT4-fs (sda1): re-mounted. Opts: (null)
[    6.654238] systemd[1]: Starting Load Kernel Modules...
         Starting Load Kernel Modules...
[    6.664454] systemd[1]: Starting Journal Service...
         Starting Journal Service...
[    6.678622] Loading iSCSI transport class v2.0-870.
[    6.680553] systemd[1]: Mounting Huge Pages File System...
         Mounting Huge Pages File System...
[    6.686994] systemd[1]: Mounted POSIX Message Queue File System.
[[0;32m  OK  [0m] Mounted POSIX Message Queue File System.
[    6.690743] systemd[1]: Mounted Debug File System.
[[0;32m  OK  [0m] Mounted Debug File System.
[    6.696283] systemd[1]: Mounted Huge Pages File System.
[[0;32m  OK  [0m] Mounted Huge Pages File System.
[    6.701218] iscsi: registered transport (tcp)
[    6.703773] systemd[1]: Started Uncomplicated firewall.
[[0;32m  OK  [0m] Started Uncomplicated firewall.
[    6.707484] systemd[1]: Started Remount Root and Kernel File Systems.
[[0;32m  OK  [0m] Started Remount Root and Kernel File Systems.
[    6.716317] systemd[1]: Started Set console keymap.
[[0;32m  OK  [0m] Started Set console keymap.
[    6.727996] systemd[1]: Started Create list of required static device nodes for the current kernel.
[[0;32m  OK  [0m] Started Create list of required sta...ce nodes for the current kernel.
[    6.733258] systemd[1]: Started Journal Service.
[[0;32m  OK  [0m] Started Journal Service.
[[0;32m  OK  [0m] Started Nameserver information manager.
[    6.764250] iscsi: registered transport (iser)
[[0;32m  OK  [0m] Started Load Kernel Modules.
         Starting Apply Kernel Variables...
         Mounting FUSE Control File System...
[[0;32m  OK  [0m] Started LVM2 metadata daemon.
         Starting Create Static Device Nodes in /dev...
         Starting Load/Save Random Seed...
         Starting udev Coldplug all Devices...
         Starting Flush Journal to Persistent Storage...
[[0;32m  OK  [0m] Mounted FUSE Control File System.
[[0;32m  OK  [0m] Started Load/Save Random Seed.
[[0;32m  OK  [0m] Started Apply Kernel Variables.
[[0;32m  OK  [0m] Started Create Static Device Nodes in /dev.
[[0;32m  OK  [0m] Started Flush Journal to Persistent Storage.
[[0;32m  OK  [0m] Started udev Coldplug all Devices.
         Starting udev Kernel Device Manager...
[[0;32m  OK  [0m] Started udev Kernel Device Manager.
[[0;32m  OK  [0m] Started Dispatch Password Requests to Console Directory Watch.
[[0;32m  OK  [0m] Found device /dev/ttyS0.
[[0;32m  OK  [0m] Listening on Load/Save RF Kill Switch Status /dev/rfkill Watch.
[[0;32m  OK  [0m] Started Monitoring of LVM2 mirrors,...ng dmeventd or progress polling.
[[0;32m  OK  [0m] Reached target Local File Systems (Pre).
[[0;32m  OK  [0m] Reached target Local File Systems.
         Starting Initial cloud-init job (pre-networking)...
         Starting Commit a transient machine-id on disk...
         Starting Create Volatile Files and Directories...
         Starting Tell Plymouth To Write Out Runtime Data...
         Starting LSB: AppArmor initialization...
         Starting Set console font and keymap...
[[0;32m  OK  [0m] Started Commit a transient machine-id on disk.
[[0;32m  OK  [0m] Started Create Volatile Files and Directories.
[[0;32m  OK  [0m] Started Tell Plymouth To Write Out Runtime Data.
         Starting Update UTMP about System Boot/Shutdown...
[[0;32m  OK  [0m] Started Update UTMP about System Boot/Shutdown.
[    8.310436] cloud-init[595]: Cloud-init v. 19.2-36-g059d049c-0ubuntu1~16.04.1 running 'init-local' at Mon, 14 Oct 2019 15:29:53 +0000. Up 7.77 seconds.
[[0;32m  OK  [0m] Started Initial cloud-init job (pre-networking).
[[0;32m  OK  [0m] Reached target Network (Pre).
[[0;32m  OK  [0m] Started LSB: AppArmor initialization.
         Starting Raise network interfaces...
[[0;32m  OK  [0m] Started Set console font and keymap.
[[0;32m  OK  [0m] Created slice system-getty.slice.
[[0;32m  OK  [0m] Started Raise network interfaces.
         Starting Initial cloud-init job (metadata service crawler)...
[[0;32m  OK  [0m] Reached target Network.
[   10.659023] cloud-init[970]: Cloud-init v. 19.2-36-g059d049c-0ubuntu1~16.04.1 running 'init' at Mon, 14 Oct 2019 15:29:55 +0000. Up 9.90 seconds.
[   10.660910] cloud-init[970]: ci-info: ++++++++++++++++++++++++++++++++++++++Net device info++++++++++++++++++++++++++++++++++++++
[   10.662021] cloud-init[970]: ci-info: +--------+-------+---------------------------+---------------+--------+-------------------+
[   10.663025] cloud-init[970]: ci-info: | Device |   Up  |          Address          |      Mask     | Scope  |     Hw-Address    |
[   10.664495] cloud-init[970]: ci-info: +--------+-------+---------------------------+---------------+--------+-------------------+
[   10.665954] cloud-init[970]: ci-info: | enp0s3 |  True |         10.0.2.15         | 255.255.255.0 | global | 02:0e:9b:2d:5b:92 |
[   10.667284] cloud-init[970]: ci-info: | enp0s3 |  True | fe80::e:9bff:fe2d:5b92/64 |       .       |  link  | 02:0e:9b:2d:5b:92 |
[   10.668711] cloud-init[970]: ci-info: | enp0s8 | False |             .             |       .       |   .    | 08:00:27:44:f6:76 |
[   10.670152] cloud-init[970]: ci-info: |   lo   |  True |         127.0.0.1         |   255.0.0.0   |  host  |         .         |
[   10.671618] cloud-init[970]: ci-info: |   lo   |  True |          ::1/128          |       .       |  host  |         .         |
[   10.673162] cloud-init[970]: ci-info: +--------+-------+---------------------------+---------------+--------+-------------------+
[   10.681372] cloud-init[970]: ci-info: +++++++++++++++++++++++++++Route IPv4 info++++++++++++++++++++++++++++
[   10.683261] cloud-init[970]: ci-info: +-------+-------------+----------+---------------+-----------+-------+
[   10.693379] cloud-init[970]: ci-info: | Route | Destination | Gateway  |    Genmask    | Interface | Flags |
[   10.695174] cloud-init[970]: ci-info: +-------+-------------+----------+---------------+-----------+-------+
[   10.697147] cloud-init[970]: ci-info: |   0   |   0.0.0.0   | 10.0.2.2 |    0.0.0.0    |   enp0s3  |   UG  |
[   10.705014] cloud-init[970]: ci-info: |   1   |   10.0.2.0  | 0.0.0.0  | 255.255.255.0 |   enp0s3  |   U   |
[   10.706901] cloud-init[970]: ci-info: +-------+-------------+----------+---------------+-----------+-------+
[   10.708640] cloud-init[970]: ci-info: +++++++++++++++++++Route IPv6 info+++++++++++++++++++
[   10.710251] cloud-init[970]: ci-info: +-------+-------------+---------+-----------+-------+
[   10.711889] cloud-init[970]: ci-info: | Route | Destination | Gateway | Interface | Flags |
[   10.720645] cloud-init[970]: ci-info: +-------+-------------+---------+-----------+-------+
[   10.729481] cloud-init[970]: ci-info: |   0   |  fe80::/64  |    ::   |   enp0s3  |   U   |
[   10.731194] cloud-init[970]: ci-info: |   3   |   ff00::/8  |    ::   |   enp0s3  |   U   |
[   10.732866] cloud-init[970]: ci-info: +-------+-------------+---------+-----------+-------+
[   10.734562] cloud-init[970]: Generating public/private rsa key pair.
[   10.741356] cloud-init[970]: Your identification has been saved in /etc/ssh/ssh_host_rsa_key.
[   10.741746] cloud-init[970]: Your public key has been saved in /etc/ssh/ssh_host_rsa_key.pub.
[   10.742102] cloud-init[970]: The key fingerprint is:
[   10.742520] cloud-init[970]: SHA256:aKINVpqgrxvlLWWursVl5hYdKQyJN+a3jIZ+zEC+dLo root@ubuntu-xenial
[[0;32m  OK  [0m] Started Initial cloud-init job (metadata service crawler).
[   10.742775] cloud-init[970]: The key's randomart image is:
[   10.743142] cloud-init[970]: +---[RSA 2048]----+
[   10.743609] cloud-init[970]: | ...             |
[   10.743818] cloud-init[970]: |. =o   .         |
[   10.744302] cloud-init[970]: |.+ .+ o          |
[   10.744823] cloud-init[970]: |.o.+.o o         |
[   10.745040] cloud-init[970]: |+.*+O.+ S        |
[   10.745324] cloud-init[970]: |.Xo#o+           |
[   10.745612] cloud-init[970]: |+.# *            |
[   10.756974] cloud-init[970]: | B B             |
[   10.772382] cloud-init[970]: |+E=              |
[   10.802581] [[0;32m  OK  [0m] Reached target Cloud-config availability.
[[0;32m  OK  [0m] Reached target Network is Online.
cloud-init[970]: +----[SHA256]-----+
[   10.807212] cloud-init[970]: Generating public/private dsa key pair.
[   10.809661] cloud-init[970]: Your identification has been saved in /etc/ssh/ssh_host_dsa_key.
[   10.817331] cloud-init[970]: Your public key has been saved in /etc/ssh/ssh_host_dsa_key.pub.
[   10.824713]          Starting iSCSI initiator daemon (iscsid)...
[[0;32m  OK  [0m] Reached target System Initialization.
cloud-init[970]: The key fingerprint is:
[   10.828572] cloud-init[970]: SHA256:VUPRvJLYwWJZi2+znsrs9in/aNF2+r6jyHhjuGONpRM root@ubuntu-xenial
[   10.831493] cloud-init[970]: The key's randomart image is:
[   10.841002]          Starting LXD - unix socket.
[[0;32m  OK  [0m] Started Daily apt download activities.
[[0;32m  OK  [0m] Started Daily apt upgrade and clean activities.
[cloud-init[970]: [0;32m  OK  [0m] Listening on D-Bus System Message Bus Socket.
[[0;32m  OK  [0m] Started Daily Cleanup of Temporary Directories.
[[0;32m  OK  [0m] Listening on ACPID Listen Socket.
[[0;32m  OK  [0m] Listening on UUID daemon activation socket.
+---[DSA 1024]----+
[   10.850164] cloud-init[970]: |           =*+   |
         Starting Socket activation for snappy daemon.
[   10.851392] cloud-init[970]: |          +oooo  |
[[0;32m  OK  [0m] Started ACPI Events Check.
[[0;32m  OK  [0m] Reached target Paths.
[[0;32m  OK  [0m] Reached target Timers.
[   10.853249] cloud-init[970]: |         .o+.o . |
[   10.868754] cloud-init[970]: |         ...+ .  |
[   10.880378] cloud-init[970]: |        S   +o   |
[   10.880803] cloud-init[970]: |         E o.oo .|
[   10.881065] cloud-init[970]: |          B .o o |
[   10.881280] cloud-init[970]: |         X=*o+.. |
[   10.881581] cloud-init[970]: |        .=@OOoo+=|
[[0;32m  OK  [0m] Listening on LXD - unix socket.
[   10.881920] cloud-init[970]: +----[SHA256]-----+
[   10.884800] cloud-init[970]: Generating public/private ecdsa key pair.
[   10.885219] cloud-init[970]: Your identification has been saved in /etc/ssh/ssh_host_ecdsa_key.
[   10.885700] cloud-init[970]: Your public key has been saved in /etc/ssh/ssh_host_ecdsa_key.pub.
[   10.885896] cloud-init[970]: The key fingerprint is:
[   10.886196] cloud-init[970]: SHA256:/BP6oG2n4NyY4KhWPtOKDjyOuLRyczE4El1svp2QDCg root@ubuntu-xenial
[[   10.886408] [0;32m  OK  [0mcloud-init] [970]: The key's randomart image is:
[   10.887177] cloud-init[970]: +---[ECDSA 256]---+
[   10.887314] cloud-init[970]: | . .             |
[   10.887501] cloud-init[970]: |E . +            |
[   10.887781] cloud-init[970]: |.. * .           |
[   10.887851] cloud-init[970]: |. . =  .         |
[   10.888097] Listening on Socket activation for snappy daemon.cloud-init
[970]: | . . + .S .      |
[[0;32m  OK  [0m] Started iSCSI initiator daemon (iscsid).
[   10.893752] cloud-init[970]: |o o.+ o  o .     |
[   10.900862] cloud-init[970]: |.=o.oo. o o      |
[   10.909568] cloud-init[970]: |B.**.= B.o..     |
[   10.916598] cloud-init[970]: |OO.+= *.+o.      |
[   10.924385] cloud-init[970]: +----[SHA256]-----+
[   10.932993] cloud-init[970]: Generating public/private ed25519 key pair.
[   10.934442] cloud-init[970]: Your identification has been saved in /etc/ssh/ssh_host_ed25519_key.
[   10.944428] cloud-init[970]: Your public key has been saved in /etc/ssh/ssh_host_ed25519_key.pub.
[   10.944691] cloud-init[970]: The key fingerprint is:
[   10.944982] cloud-init[970]: SHA256:FbH/k2NlyLlW50W8IrrehX/jJeCJNyeKBCAZR051/B0 root@ubuntu-xenial
[   10.945065] cloud-init[970]: The key's randomart image is:
[   10.945513] cloud-init[970]: +--[ED25519 256]--+
         Starting Login to default iSCSI targets...
[[   10.945722] [0;32m  OK  [0mcloud-init] [970]: Reached target Sockets.|  ..+.... o.     |

[[   10.950127] [0;32m  OK  [0mcloud-init] [970]: Reached target Basic System.|   *   ..  oE  . |

[   10.953182] cloud-init[970]: |  o o    .o. .  o|
[   10.961162] cloud-init[970]: |   . .   ..... +.|
[   10.968969] cloud-init[970]: |      . S  .o.+.*|
[   10.969407] cloud-init[970]: |       .  .oo+.Bo|
[   10.969793] cloud-init[970]: |        ....*.@ o|
[   10.970011] cloud-init[970]: |       . .ooo* *.|
[   10.970259] cloud-init[970]: |        oo.. .o..|
[   10.970670] cloud-init[970]: +----[SHA256]-----+
         Starting /etc/rc.local Compatibility...
         Starting Snappy daemon...
[[0;32m  OK  [0m] Started Regular background program processing daemon.
[[0;32m  OK  [0m] Started D-Bus System Message Bus.
         Starting Accounts Service...
         Starting System Logging Service...
[[0;32m  OK  [0m] Started Deferred execution scheduler.
         Starting Virtualbox guest utils...
[[0;32m  OK  [0m] Started ACPI event daemon.
         Starting LSB: Record successful boot for GRUB...
         Starting LSB: MD monitoring daemon...
         Starting Login Service...
         Starting Pollinate to seed the pseudo random number generator...
[[0;32m  OK  [0m] Started FUSE filesystem for LXC.
         Starting LXD - container startup/shutdown...
[[0;32m  OK  [0m] Started System Logging Service.
[[0;32m  OK  [0m] Started /etc/rc.local Compatibility.
[[0;32m  OK  [0m] Started Login to default iSCSI targets.
[[0;32m  OK  [0m] Started LSB: Record successful boot for GRUB.
[[0;32m  OK  [0m] Started LSB: MD monitoring daemon.
[[0;32m  OK  [0m] Started Login Service.
[[0;32m  OK  [0m] Started Unattended Upgrades Shutdown.
         Starting Authenticate and Authorize Users to Run Privileged Tasks...
[[0;32m  OK  [0m] Reached target Remote File Systems (Pre).
[[0;32m  OK  [0m] Reached target Remote File Systems.
         Starting Permit User Sessions...
         Starting LSB: automatic crash report generation...
         Starting LSB: daemon to balance interrupts for SMP systems...
         Starting LSB: Set the CPU Frequency Scaling governor to "ondemand"...
[[0;32m  OK  [0m] Started LXD - container startup/shutdown.
[[0;32m  OK  [0m] Started Permit User Sessions.
[[0;32m  OK  [0m] Started Virtualbox guest utils.
         Starting Terminate Plymouth Boot Screen...
         Starting Hold until boot process finishes up...
[[0;32m  OK  [0m] Started Snappy daemon.
[[0;32m  OK  [0m] Started LSB: daemon to balance interrupts for SMP systems.
[[0;32m  OK  [0m] Started Terminate Plymouth Boot Screen.
[[0;32m  OK  [0m] Started Hold until boot process finishes up.
[[0;32m  OK  [0m] Started Authenticate and Authorize Users to Run Privileged Tasks.
[[0;32m  OK  [0m] Started Accounts Service.
[[0;32m  OK  [0m] Started Getty on tty1.
[[0;32m  OK  [0m] Started Serial Getty on ttyS0.
[[0;32m  OK  [0m] Reached target Login Prompts.
         Starting Set console scheme...
         Starting Wait until snapd is fully seeded...
[[0;32m  OK  [0m] Started LSB: automatic crash report generation.
[[0;32m  OK  [0m] Started LSB: Set the CPU Frequency Scaling governor to "ondemand".
[[0;32m  OK  [0m] Started Set console scheme.
[[0;32m  OK  [0m] Started Pollinate to seed the pseudo random number generator.
         Starting OpenBSD Secure Shell server...
[[0;32m  OK  [0m] Started OpenBSD Secure Shell server.
[[0;32m  OK  [0m] Created slice User Slice of vagrant.
         Starting User Manager for UID 1000...
[[0;32m  OK  [0m] Started Session 1 of user vagrant.
[[0;32m  OK  [0m] Started User Manager for UID 1000.
[[0;32m  OK  [0m] Started Wait until snapd is fully seeded.
         Starting Apply the settings specified in cloud-config...
[[0;32m  OK  [0m] Reached target Multi-User System.
[[0;32m  OK  [0m] Reached target Graphical Interface.
         Starting Update UTMP about System Runlevel Changes...
[[0;32m  OK  [0m] Started Update UTMP about System Runlevel Changes.
[   14.085654] cloud-init[1465]: Generating locales (this might take a while)...
[   14.987248] cloud-init[1465]:   en_US.UTF-8... done
[   14.988980] cloud-init[1465]: Generation complete.
[   15.280043] cloud-init[1465]: Cloud-init v. 19.2-36-g059d049c-0ubuntu1~16.04.1 running 'modules:config' at Mon, 14 Oct 2019 15:29:59 +0000. Up 13.94 seconds.
[[0;32m  OK  [0m] Started Apply the settings specified in cloud-config.
         Starting Execute cloud user/final scripts...
ci-info: no authorized ssh keys fingerprints found for user ubuntu.
<14>Oct 14 15:30:01 ec2: 
<14>Oct 14 15:30:01 ec2: #############################################################
<14>Oct 14 15:30:01 ec2: -----BEGIN SSH HOST KEY FINGERPRINTS-----
<14>Oct 14 15:30:01 ec2: 1024 SHA256:VUPRvJLYwWJZi2+znsrs9in/aNF2+r6jyHhjuGONpRM root@ubuntu-xenial (DSA)
<14>Oct 14 15:30:01 ec2: 256 SHA256:/BP6oG2n4NyY4KhWPtOKDjyOuLRyczE4El1svp2QDCg root@ubuntu-xenial (ECDSA)
<14>Oct 14 15:30:01 ec2: 256 SHA256:FbH/k2NlyLlW50W8IrrehX/jJeCJNyeKBCAZR051/B0 root@ubuntu-xenial (ED25519)
<14>Oct 14 15:30:01 ec2: 2048 SHA256:aKINVpqgrxvlLWWursVl5hYdKQyJN+a3jIZ+zEC+dLo root@ubuntu-xenial (RSA)
<14>Oct 14 15:30:01 ec2: -----END SSH HOST KEY FINGERPRINTS-----
<14>Oct 14 15:30:01 ec2: #############################################################
-----BEGIN SSH HOST KEY KEYS-----
ecdsa-sha2-nistp256 AAAAE2VjZHNhLXNoYTItbmlzdHAyNTYAAAAIbmlzdHAyNTYAAABBBGIqC1+9abDmgqdCmFjYOQf4dcVh2kk/hPgLcMphy8lttDBesVa7ESVnkpbXhS/65uZ0LOuPgqel1IqjLEPuPzc= root@ubuntu-xenial
ssh-ed25519 AAAAC3NzaC1lZDI1NTE5AAAAIB4YqFsc9AsH1n3yzfX1AsF3Q1WQx7Tp3+xfkqGCVJqO root@ubuntu-xenial
ssh-rsa AAAAB3NzaC1yc2EAAAADAQABAAABAQCoonVxPCWFK6/j+FQx9OQ/jx0VkeROum4E8e0Hq3P1zVaLE9+sS76CRvfA0p2IRi9kEJqT0FsFjd/o8fEHEn2q7eAFwuT8VnBFWhkKrb3Sg1SCWNTvGRZHAw2tRstGdUCZD1CgGMHJPqIYTrNpw1ZvkDEJyCIDXeXNDEZVCuByxCQzBqAI6Wuatvg9Nc685yrdDSWxcljvOHRrShHwRQ9lJLnxwd/0bM/AfKWsORZQ2cNAsqt+I8Sr9cqzZjo4AHXOcTl2bgZuFy5RgvQwPFg3FeS8LiB3mCLoUK7Zhn0Jh18CYJw3hn9O52fF3DSdlZqNrJ3rt9+u+7FISKuxP2O9 root@ubuntu-xenial
-----END SSH HOST KEY KEYS-----
[   15.864665] cloud-init[1563]: Cloud-init v. 19.2-36-g059d049c-0ubuntu1~16.04.1 running 'modules:final' at Mon, 14 Oct 2019 15:30:01 +0000. Up 15.69 seconds.
[   15.876957] cloud-init[1563]: ci-info: no authorized ssh keys fingerprints found for user ubuntu.
[   15.878772] cloud-init[1563]: Cloud-init v. 19.2-36-g059d049c-0ubuntu1~16.04.1 finished at Mon, 14 Oct 2019 15:30:01 +0000. Datasource DataSourceNoCloud [seed=/dev/sdb][dsmode=net].  Up 15.84 seconds
[[0;32m  OK  [0m] Started Execute cloud user/final scripts.
[[0;32m  OK  [0m] Reached target Cloud-init target.

Ubuntu 16.04.6 LTS ubuntu-xenial ttyS0

ubuntu-xenial login: 